ARM Linker, 4.1 [Build 894] [Evaluation]

==============================================================================

Section Cross References

    aduc706x.o(STACK) refers (Special) to heapauxi.o(.text) for __use_two_region_memory
    aduc706x.o(HEAP) refers (Special) to heapauxi.o(.text) for __use_two_region_memory
    aduc706x.o(RESET) refers (Special) to heapauxi.o(.text) for __use_two_region_memory
    aduc706x.o(RESET) refers to irq_arm.o(.text) for Undef_Handler
    aduc706x.o(RESET) refers to adc0_thermocouple.o(.text) for IRQ_Handler
    aduc706x.o(RESET) refers to aduc706x.o(STACK) for Stack_Top
    aduc706x.o(RESET) refers to __main.o(!!!main) for __main
    aduc706x.o(.text) refers (Special) to heapauxi.o(.text) for __use_two_region_memory
    aduc706x.o(.text) refers to aduc706x.o(HEAP) for Heap_Mem
    aduc706x.o(.text) refers to aduc706x.o(STACK) for Stack_Mem
    adc0_thermocouple.o(.text) refers to _printf_pad.o(.text) for _printf_pre_padding
    adc0_thermocouple.o(.text) refers to _printf_percent.o(.ARM.Collect$$_printf_percent$$00000000) for _printf_percent
    adc0_thermocouple.o(.text) refers to _printf_f.o(.ARM.Collect$$_printf_percent$$00000003) for _printf_f
    adc0_thermocouple.o(.text) refers to printf1.o(x$fpl$printf1) for _printf_fp_dec
    adc0_thermocouple.o(.text) refers to dflt_noclz.o(x$fpl$dfltu) for __aeabi_ui2d
    adc0_thermocouple.o(.text) refers to ddiv.o(x$fpl$ddiv) for __aeabi_ddiv
    adc0_thermocouple.o(.text) refers to fflt_noclz.o(x$fpl$ffltu) for __aeabi_ui2f
    adc0_thermocouple.o(.text) refers to f2d.o(x$fpl$f2d) for __aeabi_f2d
    adc0_thermocouple.o(.text) refers to dmul.o(x$fpl$dmul) for __aeabi_dmul
    adc0_thermocouple.o(.text) refers to d2f.o(x$fpl$d2f) for __aeabi_d2f
    adc0_thermocouple.o(.text) refers to daddsub_noclz.o(x$fpl$dsub) for __aeabi_dsub
    adc0_thermocouple.o(.text) refers to fflt_noclz.o(x$fpl$fflt) for __aeabi_i2f
    adc0_thermocouple.o(.text) refers to fmul.o(x$fpl$fmul) for __aeabi_fmul
    adc0_thermocouple.o(.text) refers to fdiv.o(x$fpl$fdiv) for __aeabi_fdiv
    adc0_thermocouple.o(.text) refers to faddsub_noclz.o(x$fpl$fadd) for __aeabi_fadd
    adc0_thermocouple.o(.text) refers to noretval__2sprintf.o(.text) for __2sprintf
    adc0_thermocouple.o(.text) refers to strlen.o(.text) for strlen
    adc0_thermocouple.o(.text) refers to adc0_thermocouple.o(.data) for i
    adc0_thermocouple.o(.text) refers to adc0_thermocouple.o(.bss) for szTemp
    adc0_thermocouple.o(.text) refers to frleqf.o(x$fpl$frleqf) for __aeabi_cfrcmple
    adc0_thermocouple.o(.text) refers to faddsub_noclz.o(x$fpl$fsub) for __aeabi_fsub
    adc0_thermocouple.o(.text) refers to dfix.o(x$fpl$dfix) for __aeabi_d2iz
    adc0_thermocouple.o(.text) refers to dflt_noclz.o(x$fpl$dflt) for __aeabi_i2d
    adc0_thermocouple.o(.text) refers to daddsub_noclz.o(x$fpl$dadd) for __aeabi_dadd
    adc0_thermocouple.o(.text) refers to fleqf.o(x$fpl$fleqf) for __aeabi_cfcmple
    adc0_thermocouple.o(.text) refers to adc0_thermocouple.o(.constdata) for C_themocoupleP
    irq_arm.o(.text) refers to irq_arm.o(.data) for FIQ
    __2sprintf.o(.text) refers to _printf_char_common.o(.text) for _printf_char_common
    __2sprintf.o(.text) refers to _sputc.o(.text) for _sputc
    noretval__2sprintf.o(.text) refers to _printf_char_common.o(.text) for _printf_char_common
    noretval__2sprintf.o(.text) refers to _sputc.o(.text) for _sputc
    __printf.o(.text) refers to __printf.o(i.__ARM_common_call_via_r1) for __ARM_common_call_via_r1
    __printf.o(.text) refers to _printf_percent.o(.ARM.Collect$$_printf_percent$$00000000) for _printf_percent
    __printf.o(.text) refers to __printf.o(i.__ARM_common_call_via_r2) for __ARM_common_call_via_r2
    _printf_pad.o(.text) refers to __printf.o(i.__ARM_common_call_via_r2) for __ARM_common_call_via_r2
    __printf_flags.o(.text) refers to __printf.o(i.__ARM_common_call_via_r1) for __ARM_common_call_via_r1
    __printf_flags.o(.text) refers to _printf_percent.o(.ARM.Collect$$_printf_percent$$00000000) for _printf_percent
    __printf_flags.o(.text) refers to __printf.o(i.__ARM_common_call_via_r2) for __ARM_common_call_via_r2
    __printf_flags.o(.text) refers to __printf_flags.o(.constdata) for .constdata
    __printf_ss.o(.text) refers to __printf.o(i.__ARM_common_call_via_r1) for __ARM_common_call_via_r1
    __printf_ss.o(.text) refers to _printf_percent.o(.ARM.Collect$$_printf_percent$$00000000) for _printf_percent
    __printf_ss.o(.text) refers to __printf.o(i.__ARM_common_call_via_r2) for __ARM_common_call_via_r2
    __printf_flags_ss.o(.text) refers to __printf.o(i.__ARM_common_call_via_r1) for __ARM_common_call_via_r1
    __printf_flags_ss.o(.text) refers to _printf_percent.o(.ARM.Collect$$_printf_percent$$00000000) for _printf_percent
    __printf_flags_ss.o(.text) refers to __printf.o(i.__ARM_common_call_via_r2) for __ARM_common_call_via_r2
[...]
    printf1.o(x$fpl$printf1) refers to _printf_fp_dec.o(.text) for _printf_fp_dec_real
    rtentry.o(.ARM.Collect$$rtentry$$00000000) refers (Special) to rtentry2.o(.ARM.Collect$$rtentry$$0000000A) for __rt_entry_li
    rtentry.o(.ARM.Collect$$rtentry$$00000000) refers (Special) to rtentry2.o(.ARM.Collect$$rtentry$$0000000D) for __rt_entry_main
    rtentry.o(.ARM.Collect$$rtentry$$00000000) refers (Special) to rtentry2.o(.ARM.Collect$$rtentry$$0000000C) for __rt_entry_postli_1
    rtentry.o(.ARM.Collect$$rtentry$$00000000) refers (Special) to rtentry2.o(.ARM.Collect$$rtentry$$00000009) for __rt_entry_postsh_1
    rtentry.o(.ARM.Collect$$rtentry$$00000000) refers (Special) to rtentry2.o(.ARM.Collect$$rtentry$$00000002) for __rt_entry_presh_1
    rtentry.o(.ARM.Collect$$rtentry$$00000000) refers (Special) to rtentry4.o(.ARM.Collect$$rtentry$$00000004) for __rt_entry_sh
    _printf_fp_dec.o(.text) refers (Special) to usenofp.o(x$fpl$usenofp) for __I$use$fp
    _printf_fp_dec.o(.text) refers (Special) to lc_numeric_c.o(locale$$code) for _get_lc_numeric
    _printf_fp_dec.o(.text) refers to istatus.o(x$fpl$ieeestatus) for __ieee_status
    _printf_fp_dec.o(.text) refers to bigflt0.o(.text) for _btod_etento
    _printf_fp_dec.o(.text) refers to btod.o(CL$$btod_d2e) for _btod_d2e
    _printf_fp_dec.o(.text) refers to btod.o(CL$$btod_ediv) for _btod_ediv
    _printf_fp_dec.o(.text) refers to btod.o(CL$$btod_emul) for _btod_emul
    _printf_fp_dec.o(.text) refers to lludiv10.o(.text) for _ll_udiv10
    _printf_fp_dec.o(.text) refers to fpclassify.o(i.__ARM_fpclassify) for __ARM_fpclassify
    _printf_fp_dec.o(.text) refers to _printf_fp_infnan.o(.text) for _printf_fp_infnan
    _printf_fp_dec.o(.text) refers to rtudiv10.o(.text) for __rt_udiv10
    _printf_fp_dec.o(.text) refers (Weak) to _printf_pad.o(.text) for _printf_pre_padding
    _printf_fp_dec.o(.text) refers to __printf.o(i.__ARM_common_call_via_r2) for __ARM_common_call_via_r2
    _printf_fp_dec.o(.text) refers (Weak) to _printf_pad.o(.text) for _printf_pre_padding
    _printf_fp_dec.o(.text) refers to rt_locale_intlibspace.o(.text) for __rt_locale
    _printf_fp_dec.o(.text) refers (Weak) to _printf_pad.o(.text) for _printf_post_padding
    _printf_char_common.o(.text) refers to __printf_flags_wp.o(.text) for __printf
    dnaninf.o(x$fpl$dnaninf) refers (Special) to usenofp.o(x$fpl$usenofp) for __I$use$fp
    dretinf.o(x$fpl$dretinf) refers (Special) to usenofp.o(x$fpl$usenofp) for __I$use$fp
    fcmpi.o(x$fpl$fcmpinf) refers (Special) to usenofp.o(x$fpl$usenofp) for __I$use$fp
    fnaninf.o(x$fpl$fnaninf) refers (Special) to usenofp.o(x$fpl$usenofp) for __I$use$fp
    fretinf.o(x$fpl$fretinf) refers (Special) to usenofp.o(x$fpl$usenofp) for __I$use$fp
    rtentry2.o(.ARM.Collect$$rtentry$$00000008) refers to boardinit2.o(.text) for _platform_post_stackheap_init
    rtentry2.o(.ARM.Collect$$rtentry$$0000000A) refers to libinit.o(.ARM.Collect$$libinit$$00000000) for __rt_lib_init
    rtentry2.o(.ARM.Collect$$rtentry$$0000000B) refers to boardinit3.o(.text) for _platform_post_lib_init
    rtentry2.o(.ARM.Collect$$rtentry$$0000000D) refers to exit.o(.text) for exit
    rtentry2.o(.ARM.Collect$$rtentry$$0000000D) refers to adc0_thermocouple.o(.text) for main
    rtentry2.o(.ARM.exidx) refers to rtentry2.o(.ARM.Collect$$rtentry$$00000001) for .ARM.Collect$$rtentry$$00000001
    rtentry2.o(.ARM.exidx) refers to rtentry2.o(.ARM.Collect$$rtentry$$00000008) for .ARM.Collect$$rtentry$$00000008
    rtentry2.o(.ARM.exidx) refers to rtentry2.o(.ARM.Collect$$rtentry$$0000000A) for .ARM.Collect$$rtentry$$0000000A
    rtentry2.o(.ARM.exidx) refers to rtentry2.o(.ARM.Collect$$rtentry$$0000000B) for .ARM.Collect$$rtentry$$0000000B
    rtentry2.o(.ARM.exidx) refers to rtentry2.o(.ARM.Collect$$rtentry$$0000000D) for .ARM.Collect$$rtentry$$0000000D
    rtentry4.o(.ARM.Collect$$rtentry$$00000004) refers to sys_stackheap_outer.o(.text) for __user_setup_stackheap
    rtentry4.o(.ARM.exidx) refers to rtentry4.o(.ARM.Collect$$rtentry$$00000004) for .ARM.Collect$$rtentry$$00000004
    rt_locale.o(.text) refers to rt_locale.o(.bss) for __rt_locale_data
    rt_locale_intlibspace.o(.text) refers to libspace.o(.bss) for __libspace_start
    _printf_fp_infnan.o(.text) refers (Weak) to _printf_pad.o(.text) for _printf_pre_padding
    _printf_fp_infnan.o(.text) refers to __printf.o(i.__ARM_common_call_via_r2) for __ARM_common_call_via_r2
    _printf_fp_infnan.o(.text) refers (Weak) to _printf_pad.o(.text) for _printf_post_padding
    __printf_nopercent.o(.text) refers to __printf_nopercent.o(i.__ARM_common_call_via_r7) for __ARM_common_call_via_r7
    __printf_nopercent.o(.text) refers to __printf_nopercent.o(i.__ARM_common_call_via_r5) for __ARM_common_call_via_r5
    bigflt0.o(.text) refers (Special) to usenofp.o(x$fpl$usenofp) for __I$use$fp
    bigflt0.o(.text) refers to aeabi_sdiv.o(.text) for __aeabi_idivmod
    bigflt0.o(.text) refers to btod.o(CL$$btod_emul) for _btod_emul
    bigflt0.o(.text) refers to btod.o(CL$$btod_ediv) for _btod_ediv
    bigflt0.o(.text) refers to bigflt0.o(.constdata) for .constdata
    bigflt0.o(.constdata) refers (Special) to usenofp.o(x$fpl$usenofp) for __I$use$fp
    btod.o(CL$$btod_d2e) refers (Special) to usenofp.o(x$fpl$usenofp) for __I$use$fp
    btod.o(CL$$btod_d2e) refers to btod.o(CL$$btod_d2e_norm_op1) for _d2e_norm_op1
    btod.o(CL$$btod_d2e_norm_op1) refers (Special) to usenofp.o(x$fpl$usenofp) for __I$use$fp
    btod.o(CL$$btod_d2e_norm_op1) refers to btod.o(CL$$btod_d2e_denorm_low) for _d2e_denorm_low
    btod.o(CL$$btod_d2e_denorm_low) refers (Special) to usenofp.o(x$fpl$usenofp) for __I$use$fp
    btod.o(CL$$btod_emul) refers (Special) to usenofp.o(x$fpl$usenofp) for __I$use$fp
    btod.o(CL$$btod_emul) refers to btod.o(CL$$btod_mult_common) for __btod_mult_common
    btod.o(CL$$btod_emul) refers to btod.o(CL$$btod_e2e) for _e2e
    btod.o(CL$$btod_ediv) refers (Special) to usenofp.o(x$fpl$usenofp) for __I$use$fp
    btod.o(CL$$btod_ediv) refers to btod.o(CL$$btod_div_common) for __btod_div_common
    btod.o(CL$$btod_ediv) refers to btod.o(CL$$btod_e2e) for _e2e
    btod.o(CL$$btod_emuld) refers (Special) to usenofp.o(x$fpl$usenofp) for __I$use$fp
    btod.o(CL$$btod_emuld) refers to btod.o(CL$$btod_mult_common) for __btod_mult_common
    btod.o(CL$$btod_emuld) refers to btod.o(CL$$btod_e2d) for _e2d
    btod.o(CL$$btod_edivd) refers (Special) to usenofp.o(x$fpl$usenofp) for __I$use$fp
    btod.o(CL$$btod_edivd) refers to btod.o(CL$$btod_div_common) for __btod_div_common
    btod.o(CL$$btod_edivd) refers to btod.o(CL$$btod_e2d) for _e2d
    btod.o(CL$$btod_e2e) refers (Special) to usenofp.o(x$fpl$usenofp) for __I$use$fp
    btod.o(CL$$btod_e2d) refers (Special) to usenofp.o(x$fpl$usenofp) for __I$use$fp
    btod.o(CL$$btod_e2d) refers to btod.o(CL$$btod_e2e) for _e2e
    btod.o(CL$$btod_mult_common) refers (Special) to usenofp.o(x$fpl$usenofp) for __I$use$fp
    btod.o(CL$$btod_div_common) refers (Special) to usenofp.o(x$fpl$usenofp) for __I$use$fp
    lc_numeric_c.o(locale$$data) refers (Special) to libinit2.o(.ARM.Collect$$libinit$$00000012) for __rt_lib_init_lc_numeric_2
    lc_numeric_c.o(locale$$code) refers (Special) to libinit2.o(.ARM.Collect$$libinit$$00000012) for __rt_lib_init_lc_numeric_2
    lc_numeric_c.o(locale$$code) refers to strcmp.o(.text) for strcmp
    lc_numeric_c.o(locale$$code) refers to lc_numeric_c.o(locale$$data) for __lcnum_c_name
    istatus.o(x$fpl$ieeestatus) refers (Special) to usenofp.o(x$fpl$usenofp) for __I$use$fp
    fpclassify.o(i.__ARM_fpclassify) refers (Special) to usenofp.o(x$fpl$usenofp) for __I$use$fp
    libspace.o(.text) refers to libspace.o(.bss) for __libspace_start
    sys_stackheap_outer.o(.text) refers to libspace.o(.text) for __user_perproc_libspace
    sys_stackheap_outer.o(.text) refers to aduc706x.o(.text) for __user_initial_stackheap
    exit.o(.text) refers to rtexit.o(.ARM.Collect$$rtexit$$00000000) for __rt_exit
    aeabi_sdiv.o(.text_udiv) refers to aeabi_sdiv.o(.text) for __arm_div2
    aeabi_sdiv_div0.o(.text_udiv) refers to aeabi_sdiv_div0.o(.text) for __arm_div2
    libinit.o(.ARM.Collect$$libinit$$00000000) refers (Special) to libinit2.o(.ARM.Collect$$libinit$$0000002A) for __rt_lib_init_alloca_1
    libinit.o(.ARM.Collect$$libinit$$00000000) refers (Special) to libinit2.o(.ARM.Collect$$libinit$$00000028) for __rt_lib_init_argv_1
    libinit.o(.ARM.Collect$$libinit$$00000000) refers (Special) to libinit2.o(.ARM.Collect$$libinit$$00000017) for __rt_lib_init_atexit_1
    libinit.o(.ARM.Collect$$libinit$$00000000) refers (Special) to libinit2.o(.ARM.Collect$$libinit$$0000001D) for __rt_lib_init_clock_1
    libinit.o(.ARM.Collect$$libinit$$00000000) refers (Special) to libinit2.o(.ARM.Collect$$libinit$$0000002E) for __rt_lib_init_cpp_1
    libinit.o(.ARM.Collect$$libinit$$00000000) refers (Special) to libinit2.o(.ARM.Collect$$libinit$$0000002C) for __rt_lib_init_exceptions_1
    libinit.o(.ARM.Collect$$libinit$$00000000) refers (Special) to libinit2.o(.ARM.Collect$$libinit$$0000001B) for __rt_lib_init_fp_trap_1
    libinit.o(.ARM.Collect$$libinit$$00000000) refers (Special) to libinit2.o(.ARM.Collect$$libinit$$0000001F) for __rt_lib_init_getenv_1
    libinit.o(.ARM.Collect$$libinit$$00000000) refers (Special) to libinit2.o(.ARM.Collect$$libinit$$00000006) for __rt_lib_init_heap_1
    libinit.o(.ARM.Collect$$libinit$$00000000) refers (Special) to libinit2.o(.ARM.Collect$$libinit$$0000000D) for __rt_lib_init_lc_collate_1
    libinit.o(.ARM.Collect$$libinit$$00000000) refers (Special) to libinit2.o(.ARM.Collect$$libinit$$0000000F) for __rt_lib_init_lc_ctype_1
    libinit.o(.ARM.Collect$$libinit$$00000000) refers (Special) to libinit2.o(.ARM.Collect$$libinit$$00000011) for __rt_lib_init_lc_monetary_1
    libinit.o(.ARM.Collect$$libinit$$00000000) refers (Special) to libinit2.o(.ARM.Collect$$libinit$$00000013) for __rt_lib_init_lc_numeric_1
    libinit.o(.ARM.Collect$$libinit$$00000000) refers (Special) to libinit2.o(.ARM.Collect$$libinit$$00000015) for __rt_lib_init_lc_time_1
    libinit.o(.ARM.Collect$$libinit$$00000000) refers (Special) to libinit2.o(.ARM.Collect$$libinit$$0000000A) for __rt_lib_init_rand_1
    libinit.o(.ARM.Collect$$libinit$$00000000) refers (Special) to libinit2.o(.ARM.Collect$$libinit$$0000002F) for __rt_lib_init_return
    libinit.o(.ARM.Collect$$libinit$$00000000) refers (Special) to libinit2.o(.ARM.Collect$$libinit$$00000019) for __rt_lib_init_signal_1
    libinit.o(.ARM.Collect$$libinit$$00000000) refers (Special) to libinit2.o(.ARM.Collect$$libinit$$00000021) for __rt_lib_init_stdio_1
    libinit.o(.ARM.Collect$$libinit$$00000000) refers (Special) to libinit2.o(.ARM.Collect$$libinit$$00000008) for __rt_lib_init_user_alloc_1
    libinit.o(.ARM.Collect$$libinit$$00000000) refers to fpinit.o(x$fpl$fpinit) for _fp_init
    libinit2.o(.ARM.Collect$$libinit$$0000000B) refers (Weak) to rt_locale_intlibspace.o(.text) for __rt_locale
    libinit2.o(.ARM.Collect$$libinit$$0000000C) refers to libinit2.o(.ARM.Collect$$libinit$$0000000B) for .ARM.Collect$$libinit$$0000000B
    libinit2.o(.ARM.Collect$$libinit$$0000000E) refers to libinit2.o(.ARM.Collect$$libinit$$0000000B) for .ARM.Collect$$libinit$$0000000B
    libinit2.o(.ARM.Collect$$libinit$$00000010) refers to libinit2.o(.ARM.Collect$$libinit$$0000000B) for .ARM.Collect$$libinit$$0000000B
    libinit2.o(.ARM.Collect$$libinit$$00000012) refers to libinit2.o(.ARM.Collect$$libinit$$0000000B) for .ARM.Collect$$libinit$$0000000B
    libinit2.o(.ARM.Collect$$libinit$$00000012) refers (Weak) to lc_numeric_c.o(locale$$code) for _get_lc_numeric
    libinit2.o(.ARM.Collect$$libinit$$00000014) refers to libinit2.o(.ARM.Collect$$libinit$$0000000B) for .ARM.Collect$$libinit$$0000000B
    libinit2.o(.ARM.Collect$$libinit$$00000022) refers to argv_veneer.o(.emb_text) for __ARM_argv_veneer
    libinit2.o(.ARM.Collect$$libinit$$00000023) refers to argv_veneer.o(.emb_text) for __ARM_argv_veneer
    rtexit.o(.ARM.Collect$$rtexit$$00000000) refers (Special) to rtexit2.o(.ARM.Collect$$rtexit$$00000004) for __rt_exit_exit
    rtexit.o(.ARM.Collect$$rtexit$$00000000) refers (Special) to rtexit2.o(.ARM.Collect$$rtexit$$00000003) for __rt_exit_ls
    rtexit.o(.ARM.Collect$$rtexit$$00000000) refers (Special) to rtexit2.o(.ARM.Collect$$rtexit$$00000002) for __rt_exit_prels_1
    rtexit.o(.ARM.exidx) refers (Special) to rtexit2.o(.ARM.Collect$$rtexit$$00000004) for __rt_exit_exit
    rtexit.o(.ARM.exidx) refers (Special) to rtexit2.o(.ARM.Collect$$rtexit$$00000003) for __rt_exit_ls
    rtexit.o(.ARM.exidx) refers (Special) to rtexit2.o(.ARM.Collect$$rtexit$$00000002) for __rt_exit_prels_1
    rtexit.o(.ARM.exidx) refers to rtexit.o(.ARM.Collect$$rtexit$$00000000) for .ARM.Collect$$rtexit$$00000000
    aeabi_idiv0_sigfpe.o(.text) refers to rt_div0.o(.text) for __rt_div0
    argv_veneer.o(.emb_text) refers to no_argv.o(.text) for __ARM_get_argv
    fpinit.o(x$fpl$fpinit) refers to rt_fp_status_addr_intlibspace.o(.text) for __rt_fp_status_addr
    rtexit2.o(.ARM.Collect$$rtexit$$00000003) refers to libshutdown.o(.ARM.Collect$$libshutdown$$00000000) for __rt_lib_shutdown
    rtexit2.o(.ARM.Collect$$rtexit$$00000004) refers to sys_exit.o(.text) for _sys_exit
    rtexit2.o(.ARM.exidx) refers to rtexit2.o(.ARM.Collect$$rtexit$$00000001) for .ARM.Collect$$rtexit$$00000001
    rtexit2.o(.ARM.exidx) refers to rtexit2.o(.ARM.Collect$$rtexit$$00000003) for .ARM.Collect$$rtexit$$00000003
    rtexit2.o(.ARM.exidx) refers to rtexit2.o(.ARM.Collect$$rtexit$$00000004) for .ARM.Collect$$rtexit$$00000004
    rt_div0.o(.text) refers to defsig_fpe_outer.o(.text) for __rt_SIGFPE
    rt_fp_status_addr.o(.text) refers to rt_fp_status_addr.o(.bss) for __rt_fp_status_addr_data
    rt_fp_status_addr_intlibspace.o(.text) refers to libspace.o(.bss) for __libspace_start
    _get_argv_nomalloc.o(.text) refers (Special) to hrguard.o(.text) for __heap_region$guard
    _get_argv_nomalloc.o(.text) refers to defsig_rtmem_outer.o(.text) for __rt_SIGRTMEM
    _get_argv_nomalloc.o(.text) refers to sys_command.o(.text) for _sys_command_string
    sys_command.o(.text) refers (Special) to use_no_semi.o(.text) for __I$use$semihosting
    sys_command.o(.text) refers (Special) to indicate_semi.o(.text) for __semihosting_library_function
    sys_exit.o(.text) refers (Special) to use_no_semi.o(.text) for __I$use$semihosting
    sys_exit.o(.text) refers (Special) to indicate_semi.o(.text) for __semihosting_library_function
    defsig_fpe_outer.o(.text) refers to defsig_fpe_inner.o(.text) for __rt_SIGFPE_inner
    defsig_fpe_outer.o(.text) refers to defsig_exit.o(.text) for __sig_exit
    defsig_fpe_formal.o(.text) refers to rt_raise.o(.text) for __rt_raise
    defsig_rtmem_outer.o(.text) refers to defsig_rtmem_inner.o(.text) for __rt_SIGRTMEM_inner
    defsig_rtmem_outer.o(.text) refers to defsig_exit.o(.text) for __sig_exit
    defsig_rtmem_formal.o(.text) refers to rt_raise.o(.text) for __rt_raise
    libshutdown.o(.ARM.Collect$$libshutdown$$00000000) refers (Special) to libshutdown2.o(.ARM.Collect$$libshutdown$$00000006) for __rt_lib_shutdown_fp_trap_1
    libshutdown.o(.ARM.Collect$$libshutdown$$00000000) refers (Special) to libshutdown2.o(.ARM.Collect$$libshutdown$$0000000E) for __rt_lib_shutdown_heap_1
    libshutdown.o(.ARM.Collect$$libshutdown$$00000000) refers (Special) to libshutdown2.o(.ARM.Collect$$libshutdown$$0000000F) for __rt_lib_shutdown_return
    libshutdown.o(.ARM.Collect$$libshutdown$$00000000) refers (Special) to libshutdown2.o(.ARM.Collect$$libshutdown$$00000009) for __rt_lib_shutdown_signal_1
    libshutdown.o(.ARM.Collect$$libshutdown$$00000000) refers (Special) to libshutdown2.o(.ARM.Collect$$libshutdown$$00000003) for __rt_lib_shutdown_stdio_1
    libshutdown.o(.ARM.Collect$$libshutdown$$00000000) refers (Special) to libshutdown2.o(.ARM.Collect$$libshutdown$$0000000B) for __rt_lib_shutdown_user_alloc_1
    rt_raise.o(.text) refers to __raise.o(.text) for __raise
    rt_raise.o(.text) refers to sys_exit.o(.text) for _sys_exit
    defsig_exit.o(.text) refers to sys_exit.o(.text) for _sys_exit
    defsig_fpe_inner.o(.text) refers to defsig_general.o(.text) for __default_signal_display
    defsig_rtmem_inner.o(.text) refers to defsig_general.o(.text) for __default_signal_display
    __raise.o(.text) refers to __printf.o(i.__ARM_common_call_via_r2) for __ARM_common_call_via_r2
    __raise.o(.text) refers to defsig.o(CL$$defsig) for __default_signal_handler
    defsig_general.o(.text) refers to sys_wrch.o(.text) for _ttywrch
    sys_wrch.o(.text) refers (Special) to use_no_semi.o(.text) for __I$use$semihosting
    sys_wrch.o(.text) refers (Special) to indicate_semi.o(.text) for __semihosting_library_function
    defsig.o(CL$$defsig) refers to defsig_fpe_inner.o(.text) for __rt_SIGFPE_inner
    defsig.o(CL$$defsig) refers to defsig_rtmem_inner.o(.text) for __rt_SIGRTMEM_inner
    defsig_abrt_inner.o(.text) refers to defsig_general.o(.text) for __default_signal_display
    defsig_rtred_inner.o(.text) refers to defsig_general.o(.text) for __default_signal_display
    defsig_stak_inner.o(.text) refers to defsig_general.o(.text) for __default_signal_display
    defsig_pvfn_inner.o(.text) refers to defsig_general.o(.text) for __default_signal_display
    defsig_cppl_inner.o(.text) refers to defsig_general.o(.text) for __default_signal_display
    defsig_segv_inner.o(.text) refers to defsig_general.o(.text) for __default_signal_display
    defsig_other.o(.text) refers to defsig_general.o(.text) for __default_signal_display


==============================================================================

Adding Veneers to the image

    Adding TA veneer (4 bytes, Inline) for call to '_printf_percent' from __printf_flags_wp.o(.text).
    Adding AT veneer (8 bytes, Inline) for call to '__rt_lib_init' from rtentry2.o(.ARM.Collect$$rtentry$$0000000A).
    Adding AT veneer (8 bytes, Inline) for call to '__rt_lib_shutdown' from rtexit2.o(.ARM.Collect$$rtexit$$00000003).
    Adding TA veneer (4 bytes, Inline) for call to '__rt_exit' from exit.o(.text).
    Adding AT veneer (8 bytes, Inline) for call to '__2sprintf' from adc0_thermocouple.o(.text).
    Adding AT veneer (8 bytes, Inline) for call to 'strlen' from adc0_thermocouple.o(.text).
    Adding TA veneer (4 bytes, Inline) for call to '__rt_locale' from libinit2.o(.ARM.Collect$$libinit$$0000000B).
    Adding TA veneer (4 bytes, Inline) for call to '_ll_udiv10' from _printf_fp_dec.o(.text).
    Adding TA veneer (4 bytes, Inline) for call to '__rt_udiv10' from _printf_fp_dec.o(.text).
    Adding TA veneer (4 bytes, Inline) for call to '__aeabi_idivmod' from bigflt0.o(.text).
    Adding AT veneer (8 bytes, Inline) for call to '_sys_exit' from rtexit2.o(.ARM.Collect$$rtexit$$00000004).
    Adding TA veneer (4 bytes, Inline) for call to '_btod_d2e' from _printf_fp_dec.o(.text).
    Adding TA veneer (4 bytes, Inline) for call to '_btod_ediv' from _printf_fp_dec.o(.text).
    Adding TA veneer (4 bytes, Inline) for call to '_btod_emul' from _printf_fp_dec.o(.text).
    Adding AT veneer (12 bytes, Long) for call to '_printf_fp_dec_real' from printf1.o(x$fpl$printf1).
    Adding TA veneer (4 bytes, Inline) for call to '__ARM_fpclassify' from _printf_fp_dec.o(.text).
    Adding TA veneer (4 bytes, Inline) for call to '_get_lc_numeric' from libinit2.o(.ARM.Collect$$libinit$$00000012).
    Adding TA veneer (4 bytes, Inline) for call to '_fp_init' from libinit.o(.ARM.Collect$$libinit$$00000000).
    Adding TA veneer (4 bytes, Inline) for call to '__ieee_status' from _printf_fp_dec.o(.text).

19 Veneer(s) (total 104 bytes) added to the image.

==============================================================================

Image Symbol Table

    Local Symbols

    Symbol Name                              Value     Ov Type        Size  Object(Section)

    ../../angel/boardlib.s                   0x00000000   Number         0  boardinit2.o ABSOLUTE
    ../../angel/boardlib.s                   0x00000000   Number         0  boardinit1.o ABSOLUTE
    ../../angel/boardlib.s                   0x00000000   Number         0  boardshut.o ABSOLUTE
    ../../angel/boardlib.s                   0x00000000   Number         0  boardinit3.o ABSOLUTE
    ../../angel/handlers.s                   0x00000000   Number         0  __scatter_zi.o ABSOLUTE
    ../../angel/handlers.s                   0x00000000   Number         0  __scatter_copy.o ABSOLUTE
    ../../angel/kernel.s                     0x00000000   Number         0  rtentry2.o ABSOLUTE
    ../../angel/kernel.s                     0x00000000   Number         0  rtentry.o ABSOLUTE
    ../../angel/kernel.s                     0x00000000   Number         0  rtentry4.o ABSOLUTE
    ../../angel/kernel.s                     0x00000000   Number         0  rtexit2.o ABSOLUTE
    ../../angel/kernel.s                     0x00000000   Number         0  rtexit.o ABSOLUTE
    ../../angel/rt.s                         0x00000000   Number         0  rt_locale_intlibspace.o ABSOLUTE
    ../../angel/rt.s                         0x00000000   Number         0  rt_locale.o ABSOLUTE
    ../../angel/rt.s                         0x00000000   Number         0  rt_raise.o ABSOLUTE
    ../../angel/rt.s                         0x00000000   Number         0  rt_fp_status_addr_intlibspace.o ABSOLUTE
    ../../angel/rt.s                         0x00000000   Number         0  rt_div0.o ABSOLUTE
    ../../angel/rt.s                         0x00000000   Number         0  rt_fp_status_addr.o ABSOLUTE
    ../../angel/rt.s                         0x00000000   Number         0  aeabi_idiv0_sigfpe.o ABSOLUTE
    ../../angel/rt.s                         0x00000000   Number         0  aeabi_idiv0.o ABSOLUTE
    ../../angel/scatter.s                    0x00000000   Number         0  __scatter.o ABSOLUTE
    ../../angel/startup.s                    0x00000000   Number         0  __main.o ABSOLUTE
    ../../angel/sys.s                        0x00000000   Number         0  sys_stackheap_outer.o ABSOLUTE
    ../../angel/sys.s                        0x00000000   Number         0  use_no_semi.o ABSOLUTE
    ../../angel/sys.s                        0x00000000   Number         0  indicate_semi.o ABSOLUTE
    ../../angel/sys.s                        0x00000000   Number         0  libspace.o ABSOLUTE
    ../../angel/sysapp.c                     0x00000000   Number         0  sys_command.o ABSOLUTE
    ../../angel/sysapp.c                     0x00000000   Number         0  sys_wrch.o ABSOLUTE
    ../../angel/sysapp.c                     0x00000000   Number         0  sys_exit.o ABSOLUTE
    ../../armsys.c                           0x00000000   Number         0  argv_veneer.o ABSOLUTE
    ../../armsys.c                           0x00000000   Number         0  argv_veneer.o ABSOLUTE
    ../../armsys.c                           0x00000000   Number         0  no_argv.o ABSOLUTE
    ../../armsys.c                           0x00000000   Number         0  _get_argv_nomalloc.o ABSOLUTE
    ../../bigflt.c                           0x00000000   Number         0  bigflt0.o ABSOLUTE
    ../../btod.s                             0x00000000   Number         0  btod.o ABSOLUTE
    ../../d2f.s                              0x00000000   Number         0  d2f.o ABSOLUTE
    ../../daddsub.s                          0x00000000   Number         0  daddsub_noclz.o ABSOLUTE
    ../../ddiv.s                             0x00000000   Number         0  ddiv.o ABSOLUTE
    ../../dfix.s                             0x00000000   Number         0  dfix.o ABSOLUTE
    ../../dflt.s                             0x00000000   Number         0  dflt_noclz.o ABSOLUTE
    ../../division.s                         0x00000000   Number         0  rtudiv10.o ABSOLUTE
    ../../division.s                         0x00000000   Number         0  aeabi_sdiv_div0.o ABSOLUTE
    ../../division.s                         0x00000000   Number         0  aeabi_sdiv.o ABSOLUTE
    ../../divrt.s                            0x00000000   Number         0  divrt_7tdmi_div0.o ABSOLUTE
    ../../divrt.s                            0x00000000   Number         0  divrt_7tdmi.o ABSOLUTE
    ../../dmul.s                             0x00000000   Number         0  dmul.o ABSOLUTE
    ../../dnaninf.s                          0x00000000   Number         0  dnaninf.o ABSOLUTE
    ../../dretinf.s                          0x00000000   Number         0  dretinf.o ABSOLUTE
    ../../f2d.s                              0x00000000   Number         0  f2d.o ABSOLUTE
    ../../faddsub.s                          0x00000000   Number         0  faddsub_noclz.o ABSOLUTE
    ../../fcmpi.s                            0x00000000   Number         0  fcmpi.o ABSOLUTE
    ../../fdiv.s                             0x00000000   Number         0  fdiv.o ABSOLUTE
    ../../fflt.s                             0x00000000   Number         0  fflt_noclz.o ABSOLUTE
    ../../fleqf.s                            0x00000000   Number         0  fleqf.o ABSOLUTE
    ../../fmul.s                             0x00000000   Number         0  fmul.o ABSOLUTE
    ../../fnaninf.s                          0x00000000   Number         0  fnaninf.o ABSOLUTE
    ../../fpclassify.c                       0x00000000   Number         0  fpclassify.o ABSOLUTE
    ../../fpinit.s                           0x00000000   Number         0  fpinit.o ABSOLUTE
    ../../fretinf.s                          0x00000000   Number         0  fretinf.o ABSOLUTE
    ../../frleqf.s                           0x00000000   Number         0  frleqf.o ABSOLUTE
    ../../heapalloc.c                        0x00000000   Number         0  hrguard.o ABSOLUTE
    ../../heapaux.c                          0x00000000   Number         0  heapauxi.o ABSOLUTE
    ../../istatus.s                          0x00000000   Number         0  istatus.o ABSOLUTE
    ../../libinit.s                          0x00000000   Number         0  libinit.o ABSOLUTE
    ../../libinit.s                          0x00000000   Number         0  libshutdown.o ABSOLUTE
    ../../libinit.s                          0x00000000   Number         0  libshutdown2.o ABSOLUTE
    ../../libinit.s                          0x00000000   Number         0  libinit2.o ABSOLUTE
    ../../locale.s                           0x00000000   Number         0  lc_numeric_c.o ABSOLUTE
    ../../longlong.s                         0x00000000   Number         0  lludiv10.o ABSOLUTE
    ../../memcpset.s                         0x00000000   Number         0  strcmp.o ABSOLUTE
    ../../misc.s                             0x00000000   Number         0  printf_stubs.o ABSOLUTE
    ../../printf.c                           0x00000000   Number         0  _sputc.o ABSOLUTE
    ../../printf.c                           0x00000000   Number         0  _printf_fp_infnan.o ABSOLUTE
    ../../printf.c                           0x00000000   Number         0  __2sprintf.o ABSOLUTE
    ../../printf.c                           0x00000000   Number         0  noretval__2sprintf.o ABSOLUTE
    ../../printf.c                           0x00000000   Number         0  __printf_ss_wp.o ABSOLUTE
    ../../printf.c                           0x00000000   Number         0  __printf.o ABSOLUTE
    ../../printf.c                           0x00000000   Number         0  __printf_flags_ss_wp.o ABSOLUTE
    ../../printf.c                           0x00000000   Number         0  __printf_nopercent.o ABSOLUTE
    ../../printf.c                           0x00000000   Number         0  _printf_pad.o ABSOLUTE
    ../../printf.c                           0x00000000   Number         0  __printf_flags_wp.o ABSOLUTE
    ../../printf.c                           0x00000000   Number         0  __printf_flags.o ABSOLUTE
    ../../printf.c                           0x00000000   Number         0  __printf_ss.o ABSOLUTE
    ../../printf.c                           0x00000000   Number         0  __printf_flags_ss.o ABSOLUTE
    ../../printf.c                           0x00000000   Number         0  __printf_wp.o ABSOLUTE
    ../../printf.c                           0x00000000   Number         0  _printf_fp_dec.o ABSOLUTE
    ../../printf.c                           0x00000000   Number         0  _printf_char_common.o ABSOLUTE
    ../../printf1.s                          0x00000000   Number         0  printf1.o ABSOLUTE
    ../../printf_percent.s                   0x00000000   Number         0  _printf_percent.o ABSOLUTE
    ../../printf_percent.s                   0x00000000   Number         0  _printf_f.o ABSOLUTE
    ../../printf_percent.s                   0x00000000   Number         0  _printf_percent_end.o ABSOLUTE
    ../../signal.c                           0x00000000   Number         0  defsig_other.o ABSOLUTE
    ../../signal.c                           0x00000000   Number         0  defsig_cppl_inner.o ABSOLUTE
    ../../signal.c                           0x00000000   Number         0  defsig_pvfn_inner.o ABSOLUTE
    ../../signal.c                           0x00000000   Number         0  defsig_stak_inner.o ABSOLUTE
    ../../signal.c                           0x00000000   Number         0  defsig_rtred_inner.o ABSOLUTE
    ../../signal.c                           0x00000000   Number         0  defsig_abrt_inner.o ABSOLUTE
    ../../signal.c                           0x00000000   Number         0  defsig_general.o ABSOLUTE
    ../../signal.c                           0x00000000   Number         0  __raise.o ABSOLUTE
    ../../signal.c                           0x00000000   Number         0  defsig_segv_inner.o ABSOLUTE
    ../../signal.c                           0x00000000   Number         0  defsig_fpe_inner.o ABSOLUTE
    ../../signal.c                           0x00000000   Number         0  defsig_exit.o ABSOLUTE
    ../../signal.c                           0x00000000   Number         0  defsig_rtmem_formal.o ABSOLUTE
    ../../signal.c                           0x00000000   Number         0  defsig_rtmem_outer.o ABSOLUTE
    ../../signal.c                           0x00000000   Number         0  defsig_fpe_formal.o ABSOLUTE
    ../../signal.c                           0x00000000   Number         0  defsig_fpe_outer.o ABSOLUTE
    ../../signal.c                           0x00000000   Number         0  defsig_rtmem_inner.o ABSOLUTE
    ../../signal.s                           0x00000000   Number         0  defsig.o ABSOLUTE
    ../../stdlib.c                           0x00000000   Number         0  exit.o ABSOLUTE
    ../../string.c                           0x00000000   Number         0  strlen.o ABSOLUTE
    ../../usenofp.s                          0x00000000   Number         0  usenofp.o ABSOLUTE
    ADC0_Thermocouple.c                      0x00000000   Number         0  adc0_thermocouple.o ABSOLUTE
    ADuC706x.s                               0x00000000   Number         0  aduc706x.o ABSOLUTE
    dc.s                                     0x00000000   Number         0  dc.o ABSOLUTE
    irq_arm.c                                0x00000000   Number         0  irq_arm.o ABSOLUTE
    .data                                    0x00040000   Section       68  adc0_thermocouple.o(.data)
    .data                                    0x00040044   Section       24  irq_arm.o(.data)
    .bss                                     0x0004005c   Section      576  adc0_thermocouple.o(.bss)
    .bss                                     0x0004029c   Section       96  libspace.o(.bss)
    HEAP                                     0x00040300   Section        0  aduc706x.o(HEAP)
    STACK                                    0x00040300   Section     1664  aduc706x.o(STACK)
    Heap_Mem                                 0x00040300   Data           0  aduc706x.o(HEAP)
    Stack_Mem                                0x00040300   Data        1024  aduc706x.o(STACK)
    Stack_Top                                0x00040980   Data           0  aduc706x.o(STACK)
    RESET                                    0x00080000   Section      156  aduc706x.o(RESET)
    !!!main                                  0x0008009c   Section        8  __main.o(!!!main)
    !!!scatter                               0x000800a4   Section       60  __scatter.o(!!!scatter)
    !!handler_copy                           0x000800e0   Section       40  __scatter_copy.o(!!handler_copy)
    !!handler_zi                             0x00080108   Section       44  __scatter_zi.o(!!handler_zi)
    .ARM.Collect$$_printf_percent$$00000000  0x00080138   Section        0  _printf_percent.o(.ARM.Collect$$_printf_percent$$00000000)
    .ARM.Collect$$_printf_percent$$00000003  0x00080138   Section        8  _printf_f.o(.ARM.Collect$$_printf_percent$$00000003)
    .ARM.Collect$$_printf_percent$$00000017  0x00080140   Section        8  _printf_percent_end.o(.ARM.Collect$$_printf_percent$$00000017)
    .ARM.Collect$$libinit$$00000000          0x00080150   Section        6  libinit.o(.ARM.Collect$$libinit$$00000000)
    .ARM.Collect$$libinit$$00000006          0x00080156   Section        0  libinit2.o(.ARM.Collect$$libinit$$00000006)
    .ARM.Collect$$libinit$$00000008          0x00080156   Section        0  libinit2.o(.ARM.Collect$$libinit$$00000008)
    .ARM.Collect$$libinit$$0000000A          0x00080156   Section        0  libinit2.o(.ARM.Collect$$libinit$$0000000A)
    .ARM.Collect$$libinit$$0000000B          0x00080156   Section        6  libinit2.o(.ARM.Collect$$libinit$$0000000B)
    .ARM.Collect$$libinit$$0000000D          0x0008015c   Section        0  libinit2.o(.ARM.Collect$$libinit$$0000000D)
    .ARM.Collect$$libinit$$0000000F          0x0008015c   Section        0  libinit2.o(.ARM.Collect$$libinit$$0000000F)
    .ARM.Collect$$libinit$$00000011          0x0008015c   Section        0  libinit2.o(.ARM.Collect$$libinit$$00000011)
    .ARM.Collect$$libinit$$00000012          0x0008015c   Section       10  libinit2.o(.ARM.Collect$$libinit$$00000012)
    .ARM.Collect$$libinit$$00000013          0x00080166   Section        0  libinit2.o(.ARM.Collect$$libinit$$00000013)
    .ARM.Collect$$libinit$$00000015          0x00080166   Section        0  libinit2.o(.ARM.Collect$$libinit$$00000015)
    .ARM.Collect$$libinit$$00000017          0x00080166   Section        0  libinit2.o(.ARM.Collect$$libinit$$00000017)
    .ARM.Collect$$libinit$$00000019          0x00080166   Section        0  libinit2.o(.ARM.Collect$$libinit$$00000019)
    .ARM.Collect$$libinit$$0000001B          0x00080166   Section        0  libinit2.o(.ARM.Collect$$libinit$$0000001B)
    .ARM.Collect$$libinit$$0000001D          0x00080166   Section        0  libinit2.o(.ARM.Collect$$libinit$$0000001D)
    .ARM.Collect$$libinit$$0000001F          0x00080166   Section        0  libinit2.o(.ARM.Collect$$libinit$$0000001F)
    .ARM.Collect$$libinit$$00000021          0x00080166   Section        0  libinit2.o(.ARM.Collect$$libinit$$00000021)
    .ARM.Collect$$libinit$$00000028          0x00080166   Section        0  libinit2.o(.ARM.Collect$$libinit$$00000028)
    .ARM.Collect$$libinit$$0000002A          0x00080166   Section        0  libinit2.o(.ARM.Collect$$libinit$$0000002A)
    .ARM.Collect$$libinit$$0000002C          0x00080166   Section        0  libinit2.o(.ARM.Collect$$libinit$$0000002C)
    .ARM.Collect$$libinit$$0000002E          0x00080166   Section        0  libinit2.o(.ARM.Collect$$libinit$$0000002E)
    .ARM.Collect$$libinit$$0000002F          0x00080166   Section       12  libinit2.o(.ARM.Collect$$libinit$$0000002F)
    .ARM.Collect$$libshutdown$$00000000      0x0008017c   Section        4  libshutdown.o(.ARM.Collect$$libshutdown$$00000000)
    .ARM.Collect$$libshutdown$$00000003      0x00080180   Section        0  libshutdown2.o(.ARM.Collect$$libshutdown$$00000003)
    .ARM.Collect$$libshutdown$$00000006      0x00080180   Section        0  libshutdown2.o(.ARM.Collect$$libshutdown$$00000006)
    .ARM.Collect$$libshutdown$$00000009      0x00080180   Section        0  libshutdown2.o(.ARM.Collect$$libshutdown$$00000009)
    .ARM.Collect$$libshutdown$$0000000B      0x00080180   Section        0  libshutdown2.o(.ARM.Collect$$libshutdown$$0000000B)
    .ARM.Collect$$libshutdown$$0000000E      0x00080180   Section        0  libshutdown2.o(.ARM.Collect$$libshutdown$$0000000E)
    .ARM.Collect$$libshutdown$$0000000F      0x00080180   Section        6  libshutdown2.o(.ARM.Collect$$libshutdown$$0000000F)
    .ARM.Collect$$rtentry$$00000000          0x00080188   Section        0  rtentry.o(.ARM.Collect$$rtentry$$00000000)
    .ARM.Collect$$rtentry$$00000002          0x00080188   Section        0  rtentry2.o(.ARM.Collect$$rtentry$$00000002)
    .ARM.Collect$$rtentry$$00000004          0x00080188   Section        8  rtentry4.o(.ARM.Collect$$rtentry$$00000004)
    .ARM.Collect$$rtentry$$00000009          0x00080190   Section        0  rtentry2.o(.ARM.Collect$$rtentry$$00000009)
    .ARM.Collect$$rtentry$$0000000A          0x00080190   Section        4  rtentry2.o(.ARM.Collect$$rtentry$$0000000A)
    .ARM.Collect$$rtentry$$0000000C          0x00080194   Section        0  rtentry2.o(.ARM.Collect$$rtentry$$0000000C)
    .ARM.Collect$$rtentry$$0000000D          0x00080194   Section       40  rtentry2.o(.ARM.Collect$$rtentry$$0000000D)
    .ARM.Collect$$rtexit$$00000000           0x000801c0   Section        4  rtexit.o(.ARM.Collect$$rtexit$$00000000)
    .ARM.Collect$$rtexit$$00000002           0x000801c4   Section        0  rtexit2.o(.ARM.Collect$$rtexit$$00000002)
    .ARM.Collect$$rtexit$$00000003           0x000801c4   Section        4  rtexit2.o(.ARM.Collect$$rtexit$$00000003)
    .ARM.Collect$$rtexit$$00000004           0x000801c8   Section        8  rtexit2.o(.ARM.Collect$$rtexit$$00000004)
    .text                                    0x000801d0   Section       32  aduc706x.o(.text)
    .text                                    0x000801f0   Section        0  adc0_thermocouple.o(.text)
    __tagsym$$used                           0x000801f0   Number         0  adc0_thermocouple.o(.text)
    __tagsym$$used                           0x00080240   Number         0  adc0_thermocouple.o(.text)
    .text                                    0x00080cd8   Section        0  irq_arm.o(.text)
    .text                                    0x00080dd0   Section        0  noretval__2sprintf.o(.text)
    .text                                    0x00080df8   Section        0  _printf_pad.o(.text)
    .text                                    0x00080e50   Section        0  __printf_flags_wp.o(.text)
    .text                                    0x00080fa0   Section        0  strlen.o(.text)
    .text                                    0x00080fe4   Section        0  heapauxi.o(.text)
    .text                                    0x00080fec   Section        0  _printf_fp_dec.o(.text)
    _fp_digits                               0x00080fef   Thumb Code   414  _printf_fp_dec.o(.text)
    .text                                    0x0008140c   Section        0  _printf_char_common.o(.text)
    _printf_input_char                       0x0008140d   Thumb Code    10  _printf_char_common.o(.text)
    .text                                    0x0008143c   Section        0  _sputc.o(.text)
    .text                                    0x0008144c   Section       12  rt_locale_intlibspace.o(.text)
    .text                                    0x0008145c   Section      160  lludiv10.o(.text)
    .text                                    0x000814fc   Section        0  _printf_fp_infnan.o(.text)
    .text                                    0x0008158c   Section        0  bigflt0.o(.text)
    .text                                    0x00081668   Section       44  rtudiv10.o(.text)
    .text                                    0x00081694   Section       12  libspace.o(.text)
    .text                                    0x000816a0   Section       96  sys_stackheap_outer.o(.text)
    .text                                    0x00081700   Section        0  exit.o(.text)
    .text                                    0x0008170c   Section      160  strcmp.o(.text)
    .text                                    0x000817b0   Section      384  aeabi_sdiv.o(.text)
    __arm_div8                               0x000817dc   ARM Code       0  aeabi_sdiv.o(.text)
    __arm_div5                               0x00081800   ARM Code       0  aeabi_sdiv.o(.text)
    __arm_div2                               0x00081824   ARM Code       0  aeabi_sdiv.o(.text)
    __arm_div_large                          0x00081860   ARM Code       0  aeabi_sdiv.o(.text)
    .text                                    0x00081930   Section       12  rt_fp_status_addr_intlibspace.o(.text)
    .text                                    0x00081944   Section        0  sys_exit.o(.text)
    .text                                    0x00081950   Section        4  use_no_semi.o(.text)
    .text                                    0x00081954   Section        0  indicate_semi.o(.text)
    CL$$btod_d2e                             0x00081958   Section       56  btod.o(CL$$btod_d2e)
    CL$$btod_d2e_denorm_low                  0x00081990   Section       84  btod.o(CL$$btod_d2e_denorm_low)
    CL$$btod_d2e_norm_op1                    0x000819e4   Section      104  btod.o(CL$$btod_d2e_norm_op1)
    CL$$btod_div_common                      0x00081a4c   Section      844  btod.o(CL$$btod_div_common)
    CL$$btod_e2e                             0x00081d98   Section      220  btod.o(CL$$btod_e2e)
    CL$$btod_ediv                            0x00081e78   Section       52  btod.o(CL$$btod_ediv)
    CL$$btod_emul                            0x00081eb0   Section       52  btod.o(CL$$btod_emul)
    CL$$btod_mult_common                     0x00081ee4   Section      616  btod.o(CL$$btod_mult_common)
    i.__ARM_common_call_via_r1               0x00082158   Section        0  __printf.o(i.__ARM_common_call_via_r1)
    i.__ARM_common_call_via_r2               0x0008215a   Section        0  __printf.o(i.__ARM_common_call_via_r2)
    i.__ARM_fpclassify                       0x00082160   Section        0  fpclassify.o(i.__ARM_fpclassify)
    i._is_digit                              0x00082190   Section        0  __printf_wp.o(i._is_digit)
    locale$$code                             0x000821a4   Section       80  lc_numeric_c.o(locale$$code)
    x$fpl$d2f                                0x000821f4   Section      108  d2f.o(x$fpl$d2f)
    x$fpl$dadd                               0x00082260   Section      340  daddsub_noclz.o(x$fpl$dadd)
    _dadd1                                   0x00082270   ARM Code       0  daddsub_noclz.o(x$fpl$dadd)
    x$fpl$ddiv                               0x000823b4   Section      736  ddiv.o(x$fpl$ddiv)
    ddiv_entry                               0x000823bc   ARM Code       0  ddiv.o(x$fpl$ddiv)
    x$fpl$dfix                               0x00082694   Section      112  dfix.o(x$fpl$dfix)
    x$fpl$dflt                               0x00082704   Section       88  dflt_noclz.o(x$fpl$dflt)
    x$fpl$dfltu                              0x0008275c   Section       12  dflt_noclz.o(x$fpl$dfltu)
    x$fpl$dmul                               0x00082768   Section      384  dmul.o(x$fpl$dmul)
    x$fpl$dnaninf                            0x000828e8   Section      192  dnaninf.o(x$fpl$dnaninf)
    x$fpl$dretinf                            0x000829a8   Section       16  dretinf.o(x$fpl$dretinf)
    x$fpl$dsub                               0x000829b8   Section      580  daddsub_noclz.o(x$fpl$dsub)
    _dsub1                                   0x000829c8   ARM Code       0  daddsub_noclz.o(x$fpl$dsub)
    x$fpl$f2d                                0x00082bfc   Section      100  f2d.o(x$fpl$f2d)
    x$fpl$fadd                               0x00082c60   Section      196  faddsub_noclz.o(x$fpl$fadd)
    _fadd1                                   0x00082c6c   ARM Code       0  faddsub_noclz.o(x$fpl$fadd)
    x$fpl$fcmpinf                            0x00082d24   Section       28  fcmpi.o(x$fpl$fcmpinf)
    x$fpl$fdiv                               0x00082d40   Section      400  fdiv.o(x$fpl$fdiv)
    _fdiv1                                   0x00082d40   ARM Code       0  fdiv.o(x$fpl$fdiv)
    x$fpl$fflt                               0x00082ed0   Section       92  fflt_noclz.o(x$fpl$fflt)
    x$fpl$ffltu                              0x00082f2c   Section        8  fflt_noclz.o(x$fpl$ffltu)
    x$fpl$fleqf                              0x00082f34   Section      132  fleqf.o(x$fpl$fleqf)
    x$fpl$fmul                               0x00082fb8   Section      256  fmul.o(x$fpl$fmul)
    x$fpl$fnaninf                            0x000830b8   Section      168  fnaninf.o(x$fpl$fnaninf)
    x$fpl$fpinit                             0x00083164   Section       24  fpinit.o(x$fpl$fpinit)
    x$fpl$fretinf                            0x0008317c   Section       16  fretinf.o(x$fpl$fretinf)
    x$fpl$frleqf                             0x0008318c   Section      124  frleqf.o(x$fpl$frleqf)
    x$fpl$fsub                               0x00083208   Section      304  faddsub_noclz.o(x$fpl$fsub)
    _fsub1                                   0x00083214   ARM Code       0  faddsub_noclz.o(x$fpl$fsub)
    x$fpl$ieeestatus                         0x0008333c   Section        8  istatus.o(x$fpl$ieeestatus)
    x$fpl$printf1                            0x00083344   Section        4  printf1.o(x$fpl$printf1)
    .constdata                               0x00083348   Section      208  adc0_thermocouple.o(.constdata)
    x$fpl$usenofp                            0x00083348   Section        0  usenofp.o(x$fpl$usenofp)
    .constdata                               0x00083418   Section       17  __printf_flags_wp.o(.constdata)
    maptable                                 0x00083418   Data          17  __printf_flags_wp.o(.constdata)
    .constdata                               0x0008342c   Section      148  bigflt0.o(.constdata)
    tenpwrs_x                                0x0008342c   Data          60  bigflt0.o(.constdata)
    tenpwrs_i                                0x00083468   Data          64  bigflt0.o(.constdata)
    locale$$data                             0x000834e0   Section       28  lc_numeric_c.o(locale$$data)
    __lcnum_c_name                           0x000834e4   Data           2  lc_numeric_c.o(locale$$data)
    __lcnum_c_start                          0x000834ec   Data           0  lc_numeric_c.o(locale$$data)
    __lcnum_c_point                          0x000834f8   Data           0  lc_numeric_c.o(locale$$data)
    __lcnum_c_thousands                      0x000834fa   Data           0  lc_numeric_c.o(locale$$data)
    __lcnum_c_grouping                       0x000834fb   Data           0  lc_numeric_c.o(locale$$data)
    __lcnum_c_end                            0x000834fc   Data           0  lc_numeric_c.o(locale$$data)

    Global Symbols

    Symbol Name                              Value     Ov Type        Size  Object(Section)

    BuildAttributes$$THM_ISAv1$ARM_ISAv4$S$PE$A:L22$X:L11$S22$IEEE1$IW$USESV6$~STKCKD$USESV7$~SHL$OTIME$ROPI$IEEEJ$EBA8$UX$STANDARDLIB$REQ8$PRES8$EABIv2 0x00000000   Number         0  anon$$obj.o ABSOLUTE
    __ARM_use_no_argv                        0x00000000   Number         0  adc0_thermocouple.o ABSOLUTE
    _printf_flags                            0x00000000   Number         0  printf_stubs.o ABSOLUTE
    _printf_return_value                     0x00000000   Number         0  printf_stubs.o ABSOLUTE
    _printf_sizespec                         0x00000000   Number         0  printf_stubs.o ABSOLUTE
    _printf_widthprec                        0x00000000   Number         0  printf_stubs.o ABSOLUTE
    __ARM_exceptions_init                     - Undefined Weak Reference
    __alloca_initialize                       - Undefined Weak Reference
    __cpp_initialize__aeabi_                  - Undefined Weak Reference
    __cxa_finalize                            - Undefined Weak Reference
    __sigvec_lookup                           - Undefined Weak Reference
    _atexit_init                              - Undefined Weak Reference
    _call_atexit_fns                          - Undefined Weak Reference
    _clock_init                               - Undefined Weak Reference
    _fp_trap_init                             - Undefined Weak Reference
    _fp_trap_shutdown                         - Undefined Weak Reference
    _get_lc_collate                           - Undefined Weak Reference
    _get_lc_ctype                             - Undefined Weak Reference
    _get_lc_monetary                          - Undefined Weak Reference
    _get_lc_time                              - Undefined Weak Reference
    _getenv_init                              - Undefined Weak Reference
    _handle_redirection                       - Undefined Weak Reference
    _init_alloc                               - Undefined Weak Reference
    _init_user_alloc                          - Undefined Weak Reference
    _initio                                   - Undefined Weak Reference
    _rand_init                                - Undefined Weak Reference
    _signal_finish                            - Undefined Weak Reference
    _signal_init                              - Undefined Weak Reference
    _terminate_alloc                          - Undefined Weak Reference
    _terminate_user_alloc                     - Undefined Weak Reference
    _terminateio                              - Undefined Weak Reference
    ucComRx                                  0x00040000   Data           1  adc0_thermocouple.o(.data)
    bSendResultToUART                        0x00040001   Data           1  adc0_thermocouple.o(.data)
    ucTxBufferEmpty                          0x00040002   Data           1  adc0_thermocouple.o(.data)
    ucWaitForUart                            0x00040003   Data           1  adc0_thermocouple.o(.data)
    lADC0_Thermocouple                       0x00040004   Data           4  adc0_thermocouple.o(.data)
    ulADC0_RTD                               0x00040008   Data           4  adc0_thermocouple.o(.data)
    ucSaveADCResult                          0x0004000c   Data           1  adc0_thermocouple.o(.data)
    Rrtd                                     0x00040010   Data           4  adc0_thermocouple.o(.data)
    i                                        0x00040014   Data           1  adc0_thermocouple.o(.data)
    nLen                                     0x00040015   Data           1  adc0_thermocouple.o(.data)
    j                                        0x00040018   Data           4  adc0_thermocouple.o(.data)
    uADC0CONThermocouple                     0x0004001c   Data           4  adc0_thermocouple.o(.data)
    uADC0CONRtd                              0x00040020   Data           4  adc0_thermocouple.o(.data)
    ucRTDGain                                0x00040024   Data           1  adc0_thermocouple.o(.data)
    ucThermocoupleGain                       0x00040025   Data           1  adc0_thermocouple.o(.data)
    newADCdata                               0x00040026   Data           1  adc0_thermocouple.o(.data)
    ucADCInput                               0x00040027   Data           1  adc0_thermocouple.o(.data)
    fVRTD                                    0x00040028   Data           4  adc0_thermocouple.o(.data)
    fVThermocouple                           0x0004002c   Data           4  adc0_thermocouple.o(.data)
    fTThermocouple                           0x00040030   Data           4  adc0_thermocouple.o(.data)
    fTRTD                                    0x00040034   Data           4  adc0_thermocouple.o(.data)
    fFinalTemp                               0x00040038   Data           4  adc0_thermocouple.o(.data)
    fVoltsBi                                 0x0004003c   Data           4  adc0_thermocouple.o(.data)
    fVoltsUni                                0x00040040   Data           4  adc0_thermocouple.o(.data)
    IRQ                                      0x00040044   Data           4  irq_arm.o(.data)
    SWI                                      0x00040048   Data           4  irq_arm.o(.data)
    FIQ                                      0x0004004c   Data           4  irq_arm.o(.data)
    UNDEF                                    0x00040050   Data           4  irq_arm.o(.data)
    PABORT                                   0x00040054   Data           4  irq_arm.o(.data)
    DABORT                                   0x00040058   Data           4  irq_arm.o(.data)
    szTemp                                   0x0004005c   Data          64  adc0_thermocouple.o(.bss)
    sendBuf                                  0x0004009c   Data         512  adc0_thermocouple.o(.bss)
    __libspace_start                         0x0004029c   Data          96  libspace.o(.bss)
    __temporary_stack_top$libspace           0x000402fc   Data           0  libspace.o(.bss)
    Reset_Handler                            0x00080040   ARM Code       0  aduc706x.o(RESET)
    __main                                   0x0008009c   ARM Code       8  __main.o(!!!main)
    __scatterload                            0x000800a4   ARM Code       0  __scatter.o(!!!scatter)
    __scatterload_rt2                        0x000800a4   ARM Code      52  __scatter.o(!!!scatter)
    __scatterload_null                       0x000800b8   ARM Code       0  __scatter.o(!!!scatter)
    __scatterload_copy                       0x000800e0   ARM Code      40  __scatter_copy.o(!!handler_copy)
    __scatterload_zeroinit                   0x00080108   ARM Code      44  __scatter_zi.o(!!handler_zi)
    Inline Thumb to ARM Veneer to _printf_percent 0x00080135   Thumb Code     4  _printf_percent.o(.ARM.Collect$$_printf_percent$$00000000)
    _printf_f                                0x00080138   ARM Code       0  _printf_f.o(.ARM.Collect$$_printf_percent$$00000003)
    _printf_percent                          0x00080138   ARM Code       0  _printf_percent.o(.ARM.Collect$$_printf_percent$$00000000)
    _printf_percent_end                      0x00080140   ARM Code       0  _printf_percent_end.o(.ARM.Collect$$_printf_percent$$00000017)
    Inline ARM to Thumb Veneer to __rt_lib_init 0x00080148   ARM Code       8  libinit.o(.ARM.Collect$$libinit$$00000000)
    __rt_lib_init                            0x00080151   Thumb Code     0  libinit.o(.ARM.Collect$$libinit$$00000000)
    __rt_lib_init_heap_1                     0x00080157   Thumb Code     0  libinit2.o(.ARM.Collect$$libinit$$00000006)
    __rt_lib_init_lc_common                  0x00080157   Thumb Code     0  libinit2.o(.ARM.Collect$$libinit$$0000000B)
    __rt_lib_init_rand_1                     0x00080157   Thumb Code     0  libinit2.o(.ARM.Collect$$libinit$$0000000A)
    __rt_lib_init_user_alloc_1               0x00080157   Thumb Code     0  libinit2.o(.ARM.Collect$$libinit$$00000008)
    __rt_lib_init_lc_collate_1               0x0008015d   Thumb Code     0  libinit2.o(.ARM.Collect$$libinit$$0000000D)
    __rt_lib_init_lc_ctype_1                 0x0008015d   Thumb Code     0  libinit2.o(.ARM.Collect$$libinit$$0000000F)
    __rt_lib_init_lc_monetary_1              0x0008015d   Thumb Code     0  libinit2.o(.ARM.Collect$$libinit$$00000011)
    __rt_lib_init_lc_numeric_2               0x0008015d   Thumb Code     0  libinit2.o(.ARM.Collect$$libinit$$00000012)
    __rt_lib_init_alloca_1                   0x00080167   Thumb Code     0  libinit2.o(.ARM.Collect$$libinit$$0000002A)
    __rt_lib_init_argv_1                     0x00080167   Thumb Code     0  libinit2.o(.ARM.Collect$$libinit$$00000028)
    __rt_lib_init_atexit_1                   0x00080167   Thumb Code     0  libinit2.o(.ARM.Collect$$libinit$$00000017)
    __rt_lib_init_clock_1                    0x00080167   Thumb Code     0  libinit2.o(.ARM.Collect$$libinit$$0000001D)
    __rt_lib_init_cpp_1                      0x00080167   Thumb Code     0  libinit2.o(.ARM.Collect$$libinit$$0000002E)
    __rt_lib_init_exceptions_1               0x00080167   Thumb Code     0  libinit2.o(.ARM.Collect$$libinit$$0000002C)
    __rt_lib_init_fp_trap_1                  0x00080167   Thumb Code     0  libinit2.o(.ARM.Collect$$libinit$$0000001B)
    __rt_lib_init_getenv_1                   0x00080167   Thumb Code     0  libinit2.o(.ARM.Collect$$libinit$$0000001F)
    __rt_lib_init_lc_numeric_1               0x00080167   Thumb Code     0  libinit2.o(.ARM.Collect$$libinit$$00000013)
    __rt_lib_init_lc_time_1                  0x00080167   Thumb Code     0  libinit2.o(.ARM.Collect$$libinit$$00000015)
    __rt_lib_init_return                     0x00080167   Thumb Code     0  libinit2.o(.ARM.Collect$$libinit$$0000002F)
    __rt_lib_init_signal_1                   0x00080167   Thumb Code     0  libinit2.o(.ARM.Collect$$libinit$$00000019)
    __rt_lib_init_stdio_1                    0x00080167   Thumb Code     0  libinit2.o(.ARM.Collect$$libinit$$00000021)
    Inline ARM to Thumb Veneer to __rt_lib_shutdown 0x00080174   ARM Code       8  libshutdown.o(.ARM.Collect$$libshutdown$$00000000)
    __rt_lib_shutdown                        0x0008017d   Thumb Code     0  libshutdown.o(.ARM.Collect$$libshutdown$$00000000)
    __rt_lib_shutdown_fp_trap_1              0x00080181   Thumb Code     0  libshutdown2.o(.ARM.Collect$$libshutdown$$00000006)
    __rt_lib_shutdown_heap_1                 0x00080181   Thumb Code     0  libshutdown2.o(.ARM.Collect$$libshutdown$$0000000E)
    __rt_lib_shutdown_return                 0x00080181   Thumb Code     0  libshutdown2.o(.ARM.Collect$$libshutdown$$0000000F)
    __rt_lib_shutdown_signal_1               0x00080181   Thumb Code     0  libshutdown2.o(.ARM.Collect$$libshutdown$$00000009)
    __rt_lib_shutdown_stdio_1                0x00080181   Thumb Code     0  libshutdown2.o(.ARM.Collect$$libshutdown$$00000003)
    __rt_lib_shutdown_user_alloc_1           0x00080181   Thumb Code     0  libshutdown2.o(.ARM.Collect$$libshutdown$$0000000B)
    __rt_entry                               0x00080188   ARM Code       0  rtentry.o(.ARM.Collect$$rtentry$$00000000)
    __rt_entry_presh_1                       0x00080188   ARM Code       0  rtentry2.o(.ARM.Collect$$rtentry$$00000002)
    __rt_entry_sh                            0x00080188   ARM Code       0  rtentry4.o(.ARM.Collect$$rtentry$$00000004)
    __rt_entry_li                            0x00080190   ARM Code       0  rtentry2.o(.ARM.Collect$$rtentry$$0000000A)
    __rt_entry_postsh_1                      0x00080190   ARM Code       0  rtentry2.o(.ARM.Collect$$rtentry$$00000009)
    __rt_entry_main                          0x00080194   ARM Code       0  rtentry2.o(.ARM.Collect$$rtentry$$0000000D)
    __rt_entry_postli_1                      0x00080194   ARM Code       0  rtentry2.o(.ARM.Collect$$rtentry$$0000000C)
    Inline Thumb to ARM Veneer to __rt_exit  0x000801bd   Thumb Code     4  rtexit.o(.ARM.Collect$$rtexit$$00000000)
    __rt_exit                                0x000801c0   ARM Code       0  rtexit.o(.ARM.Collect$$rtexit$$00000000)
    __rt_exit_ls                             0x000801c4   ARM Code       0  rtexit2.o(.ARM.Collect$$rtexit$$00000003)
    __rt_exit_prels_1                        0x000801c4   ARM Code       0  rtexit2.o(.ARM.Collect$$rtexit$$00000002)
    __rt_exit_exit                           0x000801c8   ARM Code       0  rtexit2.o(.ARM.Collect$$rtexit$$00000004)
    __user_initial_stackheap                 0x000801d0   ARM Code       0  aduc706x.o(.text)
    putchar                                  0x000801f0   ARM Code      80  adc0_thermocouple.o(.text)
    getchar                                  0x00080240   ARM Code      36  adc0_thermocouple.o(.text)
    SendString                               0x00080264   ARM Code     120  adc0_thermocouple.o(.text)
    CalculateRTDTemp                         0x000802dc   ARM Code     176  adc0_thermocouple.o(.text)
    ADC0Init                                 0x0008038c   ARM Code     124  adc0_thermocouple.o(.text)
    UARTInit                                 0x00080408   ARM Code      76  adc0_thermocouple.o(.text)
    main                                     0x00080454   ARM Code     616  adc0_thermocouple.o(.text)
    SystemZeroCalibration                    0x000806bc   ARM Code     128  adc0_thermocouple.o(.text)
    SystemFullCalibration                    0x0008073c   ARM Code     420  adc0_thermocouple.o(.text)
    CalculateThermoCoupleTemp                0x000808e0   ARM Code     696  adc0_thermocouple.o(.text)
    IRQ_Handler                              0x00080b98   ARM Code     256  adc0_thermocouple.o(.text)
    delay                                    0x00080c98   ARM Code      20  adc0_thermocouple.o(.text)
    FIQ_Handler                              0x00080cd8   ARM Code      44  irq_arm.o(.text)
    SWI_Handler                              0x00080d04   ARM Code      44  irq_arm.o(.text)
    Undef_Handler                            0x00080d30   ARM Code      44  irq_arm.o(.text)
    PAbt_Handler                             0x00080d5c   ARM Code      44  irq_arm.o(.text)
    DAbt_Handler                             0x00080d88   ARM Code      44  irq_arm.o(.text)
    Inline ARM to Thumb Veneer to __2sprintf 0x00080dc8   ARM Code       8  noretval__2sprintf.o(.text)
    __2sprintf                               0x00080dd1   Thumb Code    36  noretval__2sprintf.o(.text)
    _printf_pre_padding                      0x00080df9   Thumb Code    50  _printf_pad.o(.text)
    _printf_post_padding                     0x00080e2b   Thumb Code    36  _printf_pad.o(.text)
    __printf                                 0x00080e51   Thumb Code   324  __printf_flags_wp.o(.text)
    Inline ARM to Thumb Veneer to strlen     0x00080f98   ARM Code       8  strlen.o(.text)
    strlen                                   0x00080fa1   Thumb Code    64  strlen.o(.text)
    __use_two_region_memory                  0x00080fe5   Thumb Code     2  heapauxi.o(.text)
    __rt_heap_escrow$2region                 0x00080fe7   Thumb Code     2  heapauxi.o(.text)
    __rt_heap_expand$2region                 0x00080fe9   Thumb Code     2  heapauxi.o(.text)
    __lib_sel_fp_printf                      0x00080fed   Thumb Code     2  _printf_fp_dec.o(.text)
    _printf_fp_dec_real                      0x0008118d   Thumb Code   626  _printf_fp_dec.o(.text)
    _printf_char_common                      0x00081417   Thumb Code    34  _printf_char_common.o(.text)
    _sputc                                   0x0008143d   Thumb Code    10  _sputc.o(.text)
    Inline Thumb to ARM Veneer to __rt_locale 0x00081449   Thumb Code     4  rt_locale_intlibspace.o(.text)
    __rt_locale                              0x0008144c   ARM Code      12  rt_locale_intlibspace.o(.text)
    Inline Thumb to ARM Veneer to _ll_udiv10 0x00081459   Thumb Code     4  lludiv10.o(.text)
    _ll_udiv10                               0x0008145c   ARM Code     160  lludiv10.o(.text)
    _printf_fp_infnan                        0x000814fd   Thumb Code   128  _printf_fp_infnan.o(.text)
    _btod_etento                             0x0008158d   Thumb Code   210  bigflt0.o(.text)
    Inline Thumb to ARM Veneer to __rt_udiv10 0x00081665   Thumb Code     4  rtudiv10.o(.text)
    __rt_udiv10                              0x00081668   ARM Code      44  rtudiv10.o(.text)
    __user_libspace                          0x00081694   ARM Code      12  libspace.o(.text)
    __user_perproc_libspace                  0x00081694   ARM Code       0  libspace.o(.text)
    __user_perthread_libspace                0x00081694   ARM Code       0  libspace.o(.text)
    __user_setup_stackheap                   0x000816a0   ARM Code      96  sys_stackheap_outer.o(.text)
    exit                                     0x00081701   Thumb Code    12  exit.o(.text)
    strcmp                                   0x0008170c   ARM Code     156  strcmp.o(.text)
    Inline Thumb to ARM Veneer to __aeabi_idivmod 0x000817ad   Thumb Code     4  aeabi_sdiv.o(.text)
    __aeabi_idiv                             0x000817b0   ARM Code       0  aeabi_sdiv.o(.text)
    __aeabi_idivmod                          0x000817b0   ARM Code     384  aeabi_sdiv.o(.text)
    __rt_fp_status_addr                      0x00081930   ARM Code      12  rt_fp_status_addr_intlibspace.o(.text)
    Inline ARM to Thumb Veneer to _sys_exit  0x0008193c   ARM Code       8  sys_exit.o(.text)
    _sys_exit                                0x00081945   Thumb Code     8  sys_exit.o(.text)
    __I$use$semihosting                      0x00081950   ARM Code       0  use_no_semi.o(.text)
    __use_no_semihosting_swi                 0x00081950   ARM Code       4  use_no_semi.o(.text)
    Inline Thumb to ARM Veneer to _btod_d2e  0x00081955   Thumb Code     4  btod.o(CL$$btod_d2e)
    __semihosting_library_function           0x00081954   ARM Code       0  indicate_semi.o(.text)
    _btod_d2e                                0x00081958   ARM Code      56  btod.o(CL$$btod_d2e)
    _d2e_denorm_low                          0x00081990   ARM Code      84  btod.o(CL$$btod_d2e_denorm_low)
    _d2e_norm_op1                            0x000819e4   ARM Code     104  btod.o(CL$$btod_d2e_norm_op1)
    __btod_div_common                        0x00081a4c   ARM Code     716  btod.o(CL$$btod_div_common)
    _e2e                                     0x00081d98   ARM Code     220  btod.o(CL$$btod_e2e)
    Inline Thumb to ARM Veneer to _btod_ediv 0x00081e75   Thumb Code     4  btod.o(CL$$btod_ediv)
    _btod_ediv                               0x00081e78   ARM Code      52  btod.o(CL$$btod_ediv)
    Inline Thumb to ARM Veneer to _btod_emul 0x00081ead   Thumb Code     4  btod.o(CL$$btod_emul)
    _btod_emul                               0x00081eb0   ARM Code      52  btod.o(CL$$btod_emul)
    __btod_mult_common                       0x00081ee4   ARM Code     616  btod.o(CL$$btod_mult_common)
    Long ARM to Thumb Veneer to _printf_fp_dec_real 0x0008214c   ARM Code      12  anon$$obj.o(Veneer$$Code)
    __ARM_common_call_via_r1                 0x00082159   Thumb Code     2  __printf.o(i.__ARM_common_call_via_r1)
    __ARM_common_call_via_r2                 0x0008215b   Thumb Code     2  __printf.o(i.__ARM_common_call_via_r2)
    Inline Thumb to ARM Veneer to __ARM_fpclassify 0x0008215d   Thumb Code     4  fpclassify.o(i.__ARM_fpclassify)
    __ARM_fpclassify                         0x00082160   ARM Code      48  fpclassify.o(i.__ARM_fpclassify)
    _is_digit                                0x00082191   Thumb Code    14  __printf_wp.o(i._is_digit)
    Inline Thumb to ARM Veneer to _get_lc_numeric 0x000821a1   Thumb Code     4  lc_numeric_c.o(locale$$code)
    _get_lc_numeric                          0x000821a4   ARM Code      80  lc_numeric_c.o(locale$$code)
    __aeabi_d2f                              0x000821f4   ARM Code       0  d2f.o(x$fpl$d2f)
    _d2f                                     0x000821f4   ARM Code     108  d2f.o(x$fpl$d2f)
    __aeabi_dadd                             0x00082260   ARM Code       0  daddsub_noclz.o(x$fpl$dadd)
    _dadd                                    0x00082260   ARM Code     336  daddsub_noclz.o(x$fpl$dadd)
    __aeabi_ddiv                             0x000823b4   ARM Code       0  ddiv.o(x$fpl$ddiv)
    _ddiv                                    0x000823b4   ARM Code     600  ddiv.o(x$fpl$ddiv)
    __aeabi_d2iz                             0x00082694   ARM Code       0  dfix.o(x$fpl$dfix)
    _dfix                                    0x00082694   ARM Code     112  dfix.o(x$fpl$dfix)
    __aeabi_i2d                              0x00082704   ARM Code       0  dflt_noclz.o(x$fpl$dflt)
    _dflt                                    0x00082704   ARM Code      88  dflt_noclz.o(x$fpl$dflt)
    __dflt_normalise                         0x00082714   ARM Code       0  dflt_noclz.o(x$fpl$dflt)
    __aeabi_ui2d                             0x0008275c   ARM Code       0  dflt_noclz.o(x$fpl$dfltu)
    _dfltu                                   0x0008275c   ARM Code      12  dflt_noclz.o(x$fpl$dfltu)
    __aeabi_dmul                             0x00082768   ARM Code       0  dmul.o(x$fpl$dmul)
    _dmul                                    0x00082768   ARM Code     372  dmul.o(x$fpl$dmul)
    __fpl_dnaninf                            0x000828e8   ARM Code     192  dnaninf.o(x$fpl$dnaninf)
    __fpl_dretinf                            0x000829a8   ARM Code      16  dretinf.o(x$fpl$dretinf)
    __aeabi_dsub                             0x000829b8   ARM Code       0  daddsub_noclz.o(x$fpl$dsub)
    _dsub                                    0x000829b8   ARM Code     576  daddsub_noclz.o(x$fpl$dsub)
    __aeabi_f2d                              0x00082bfc   ARM Code       0  f2d.o(x$fpl$f2d)
    _f2d                                     0x00082bfc   ARM Code     100  f2d.o(x$fpl$f2d)
    __aeabi_fadd                             0x00082c60   ARM Code       0  faddsub_noclz.o(x$fpl$fadd)
    _fadd                                    0x00082c60   ARM Code     196  faddsub_noclz.o(x$fpl$fadd)
    __fpl_fcmp_Inf                           0x00082d24   ARM Code      28  fcmpi.o(x$fpl$fcmpinf)
    __aeabi_fdiv                             0x00082d40   ARM Code       0  fdiv.o(x$fpl$fdiv)
    _fdiv                                    0x00082d40   ARM Code     396  fdiv.o(x$fpl$fdiv)
    __aeabi_i2f                              0x00082ed0   ARM Code       0  fflt_noclz.o(x$fpl$fflt)
    _fflt                                    0x00082ed0   ARM Code      92  fflt_noclz.o(x$fpl$fflt)
    __fflt_normalise                         0x00082edc   ARM Code       0  fflt_noclz.o(x$fpl$fflt)
    __aeabi_ui2f                             0x00082f2c   ARM Code       0  fflt_noclz.o(x$fpl$ffltu)
    _ffltu                                   0x00082f2c   ARM Code       8  fflt_noclz.o(x$fpl$ffltu)
    __aeabi_cfcmple                          0x00082f34   ARM Code       0  fleqf.o(x$fpl$fleqf)
    _fcmple                                  0x00082f34   ARM Code     132  fleqf.o(x$fpl$fleqf)
    __fpl_fcmple_InfNaN                      0x00082fa0   ARM Code       0  fleqf.o(x$fpl$fleqf)
    __aeabi_fmul                             0x00082fb8   ARM Code       0  fmul.o(x$fpl$fmul)
    _fmul                                    0x00082fb8   ARM Code     256  fmul.o(x$fpl$fmul)
    __fpl_fnaninf                            0x000830b8   ARM Code     168  fnaninf.o(x$fpl$fnaninf)
    Inline Thumb to ARM Veneer to _fp_init   0x00083161   Thumb Code     4  fpinit.o(x$fpl$fpinit)
    _fp_init                                 0x00083164   ARM Code      24  fpinit.o(x$fpl$fpinit)
    __fplib_config_pureend_doubles           0x00083174   ARM Code       0  fpinit.o(x$fpl$fpinit)
    __fpl_fretinf                            0x0008317c   ARM Code      16  fretinf.o(x$fpl$fretinf)
    __aeabi_cfrcmple                         0x0008318c   ARM Code       0  frleqf.o(x$fpl$frleqf)
    _frcmple                                 0x0008318c   ARM Code     124  frleqf.o(x$fpl$frleqf)
    __aeabi_fsub                             0x00083208   ARM Code       0  faddsub_noclz.o(x$fpl$fsub)
    _fsub                                    0x00083208   ARM Code     304  faddsub_noclz.o(x$fpl$fsub)
    Inline Thumb to ARM Veneer to __ieee_status 0x00083339   Thumb Code     4  istatus.o(x$fpl$ieeestatus)
    __ieee_status                            0x0008333c   ARM Code       8  istatus.o(x$fpl$ieeestatus)
    _printf_fp_dec                           0x00083344   ARM Code       4  printf1.o(x$fpl$printf1)
    C_themocoupleP                           0x00083348   Data         124  adc0_thermocouple.o(.constdata)
    __I$use$fp                               0x00083348   ARM Code       0  usenofp.o(x$fpl$usenofp)
    C_themocoupleN                           0x000833c4   Data          84  adc0_thermocouple.o(.constdata)
    Region$$Table$$Base                      0x000834c0   Number         0  anon$$obj.o(Region$$Table)
    Region$$Table$$Limit                     0x000834e0   Number         0  anon$$obj.o(Region$$Table)



==============================================================================

Memory Map of the image

  Image Entry point : 0x0008009c

  Load Region LR_IROM1 (Base: 0x00080000, Size: 0x00003558, Max: 0x00007800, ABSOLUTE)

    Execution Region RW_IRAM1 (Base: 0x00040000, Size: 0x00000980, Max: 0x00001000, ABSOLUTE)

    Base Addr    Size         Type   Attr      Idx    E Section Name        Object

    0x00040000   0x00000044   Data   RW           14    .data               adc0_thermocouple.o
    0x00040044   0x00000018   Data   RW           74    .data               irq_arm.o
    0x0004005c   0x00000240   Zero   RW           12    .bss                adc0_thermocouple.o
    0x0004029c   0x00000060   Zero   RW          259    .bss                c_t.l(libspace.o)
    0x000402fc   0x00000004   PAD
    0x00040300   0x00000000   Zero   RW            2    HEAP                aduc706x.o
    0x00040300   0x00000680   Zero   RW            1    STACK               aduc706x.o


    Execution Region ER_IROM1 (Base: 0x00080000, Size: 0x000034fc, Max: 0x00007800, ABSOLUTE)

    Base Addr    Size         Type   Attr      Idx    E Section Name        Object

    0x00080000   0x0000009c   Code   RO            3    RESET               aduc706x.o
    0x0008009c   0x00000008   Code   RO          127  * !!!main             c_t.l(__main.o)
    0x000800a4   0x0000003c   Code   RO          425    !!!scatter          c_t.l(__scatter.o)
    0x000800e0   0x00000028   Code   RO          427    !!handler_copy      c_t.l(__scatter_copy.o)
    0x00080108   0x0000002c   Code   RO          429    !!handler_zi        c_t.l(__scatter_zi.o)
    0x00080134   0x00000004   Ven    RO          122    .ARM.Collect$$_printf_percent$$00000000  c_t.l(_printf_percent.o)
    0x00080138   0x00000000   Code   RO          122    .ARM.Collect$$_printf_percent$$00000000  c_t.l(_printf_percent.o)
    0x00080138   0x00000008   Code   RO          121    .ARM.Collect$$_printf_percent$$00000003  c_t.l(_printf_f.o)
    0x00080140   0x00000008   Code   RO          182    .ARM.Collect$$_printf_percent$$00000017  c_t.l(_printf_percent_end.o)
    0x00080148   0x00000008   Ven    RO          288    .ARM.Collect$$libinit$$00000000  c_t.l(libinit.o)
    0x00080150   0x00000006   Code   RO          288    .ARM.Collect$$libinit$$00000000  c_t.l(libinit.o)
    0x00080156   0x00000000   Code   RO          291    .ARM.Collect$$libinit$$00000006  c_t.l(libinit2.o)
    0x00080156   0x00000000   Code   RO          293    .ARM.Collect$$libinit$$00000008  c_t.l(libinit2.o)
    0x00080156   0x00000000   Code   RO          295    .ARM.Collect$$libinit$$0000000A  c_t.l(libinit2.o)
    0x00080156   0x00000006   Code   RO          296    .ARM.Collect$$libinit$$0000000B  c_t.l(libinit2.o)
    0x0008015c   0x00000000   Code   RO          298    .ARM.Collect$$libinit$$0000000D  c_t.l(libinit2.o)
    0x0008015c   0x00000000   Code   RO          300    .ARM.Collect$$libinit$$0000000F  c_t.l(libinit2.o)
    0x0008015c   0x00000000   Code   RO          302    .ARM.Collect$$libinit$$00000011  c_t.l(libinit2.o)
    0x0008015c   0x0000000a   Code   RO          303    .ARM.Collect$$libinit$$00000012  c_t.l(libinit2.o)
    0x00080166   0x00000000   Code   RO          304    .ARM.Collect$$libinit$$00000013  c_t.l(libinit2.o)
    0x00080166   0x00000000   Code   RO          306    .ARM.Collect$$libinit$$00000015  c_t.l(libinit2.o)
    0x00080166   0x00000000   Code   RO          308    .ARM.Collect$$libinit$$00000017  c_t.l(libinit2.o)
    0x00080166   0x00000000   Code   RO          310    .ARM.Collect$$libinit$$00000019  c_t.l(libinit2.o)
    0x00080166   0x00000000   Code   RO          312    .ARM.Collect$$libinit$$0000001B  c_t.l(libinit2.o)
    0x00080166   0x00000000   Code   RO          314    .ARM.Collect$$libinit$$0000001D  c_t.l(libinit2.o)
    0x00080166   0x00000000   Code   RO          316    .ARM.Collect$$libinit$$0000001F  c_t.l(libinit2.o)
    0x00080166   0x00000000   Code   RO          318    .ARM.Collect$$libinit$$00000021  c_t.l(libinit2.o)
    0x00080166   0x00000000   Code   RO          322    .ARM.Collect$$libinit$$00000028  c_t.l(libinit2.o)
    0x00080166   0x00000000   Code   RO          324    .ARM.Collect$$libinit$$0000002A  c_t.l(libinit2.o)
    0x00080166   0x00000000   Code   RO          326    .ARM.Collect$$libinit$$0000002C  c_t.l(libinit2.o)
    0x00080166   0x00000000   Code   RO          328    .ARM.Collect$$libinit$$0000002E  c_t.l(libinit2.o)
    0x00080166   0x0000000c   Code   RO          329    .ARM.Collect$$libinit$$0000002F  c_t.l(libinit2.o)
    0x00080172   0x00000002   PAD
    0x00080174   0x00000008   Ven    RO          374    .ARM.Collect$$libshutdown$$00000000  c_t.l(libshutdown.o)
    0x0008017c   0x00000004   Code   RO          374    .ARM.Collect$$libshutdown$$00000000  c_t.l(libshutdown.o)
    0x00080180   0x00000000   Code   RO          388    .ARM.Collect$$libshutdown$$00000003  c_t.l(libshutdown2.o)
    0x00080180   0x00000000   Code   RO          391    .ARM.Collect$$libshutdown$$00000006  c_t.l(libshutdown2.o)
    0x00080180   0x00000000   Code   RO          394    .ARM.Collect$$libshutdown$$00000009  c_t.l(libshutdown2.o)
    0x00080180   0x00000000   Code   RO          396    .ARM.Collect$$libshutdown$$0000000B  c_t.l(libshutdown2.o)
    0x00080180   0x00000000   Code   RO          399    .ARM.Collect$$libshutdown$$0000000E  c_t.l(libshutdown2.o)
    0x00080180   0x00000006   Code   RO          400    .ARM.Collect$$libshutdown$$0000000F  c_t.l(libshutdown2.o)
    0x00080186   0x00000002   PAD
    0x00080188   0x00000000   Code   RO          175    .ARM.Collect$$rtentry$$00000000  c_t.l(rtentry.o)
    0x00080188   0x00000000   Code   RO          195    .ARM.Collect$$rtentry$$00000002  c_t.l(rtentry2.o)
    0x00080188   0x00000008   Code   RO          207    .ARM.Collect$$rtentry$$00000004  c_t.l(rtentry4.o)
    0x00080190   0x00000000   Code   RO          197    .ARM.Collect$$rtentry$$00000009  c_t.l(rtentry2.o)
    0x00080190   0x00000004   Code   RO          198    .ARM.Collect$$rtentry$$0000000A  c_t.l(rtentry2.o)
    0x00080194   0x00000000   Code   RO          200    .ARM.Collect$$rtentry$$0000000C  c_t.l(rtentry2.o)
    0x00080194   0x00000028   Code   RO          201    .ARM.Collect$$rtentry$$0000000D  c_t.l(rtentry2.o)
    0x000801bc   0x00000004   Ven    RO          330    .ARM.Collect$$rtexit$$00000000  c_t.l(rtexit.o)
    0x000801c0   0x00000004   Code   RO          330    .ARM.Collect$$rtexit$$00000000  c_t.l(rtexit.o)
    0x000801c4   0x00000000   Code   RO          341    .ARM.Collect$$rtexit$$00000002  c_t.l(rtexit2.o)
    0x000801c4   0x00000004   Code   RO          342    .ARM.Collect$$rtexit$$00000003  c_t.l(rtexit2.o)
    0x000801c8   0x00000008   Code   RO          343    .ARM.Collect$$rtexit$$00000004  c_t.l(rtexit2.o)
    0x000801d0   0x00000020   Code   RO            4    .text               aduc706x.o
    0x000801f0   0x00000ae8   Code   RO           11    .text               adc0_thermocouple.o
    0x00080cd8   0x000000f0   Code   RO           73    .text               irq_arm.o
    0x00080dc8   0x00000008   Ven    RO           91    .text               c_t.l(noretval__2sprintf.o)
    0x00080dd0   0x00000028   Code   RO           91    .text               c_t.l(noretval__2sprintf.o)
    0x00080df8   0x00000056   Code   RO           99    .text               c_t.l(_printf_pad.o)
    0x00080e4e   0x00000002   PAD
    0x00080e50   0x00000148   Code   RO          113    .text               c_t.l(__printf_flags_wp.o)
    0x00080f98   0x00000008   Ven    RO          123    .text               c_t.l(strlen.o)
    0x00080fa0   0x00000044   Code   RO          123    .text               c_t.l(strlen.o)
    0x00080fe4   0x00000006   Code   RO          125    .text               c_t.l(heapauxi.o)
    0x00080fea   0x00000002   PAD
    0x00080fec   0x00000420   Code   RO          176    .text               c_t.l(_printf_fp_dec.o)
    0x0008140c   0x00000030   Code   RO          178    .text               c_t.l(_printf_char_common.o)
    0x0008143c   0x0000000a   Code   RO          180    .text               c_t.l(_sputc.o)
    0x00081446   0x00000002   PAD
    0x00081448   0x00000004   Ven    RO          212    .text               c_t.l(rt_locale_intlibspace.o)
    0x0008144c   0x0000000c   Code   RO          212    .text               c_t.l(rt_locale_intlibspace.o)
    0x00081458   0x00000004   Ven    RO          214    .text               c_t.l(lludiv10.o)
    0x0008145c   0x000000a0   Code   RO          214    .text               c_t.l(lludiv10.o)
    0x000814fc   0x00000090   Code   RO          216    .text               c_t.l(_printf_fp_infnan.o)
    0x0008158c   0x000000d8   Code   RO          224    .text               c_t.l(bigflt0.o)
    0x00081664   0x00000004   Ven    RO          252    .text               c_t.l(rtudiv10.o)
    0x00081668   0x0000002c   Code   RO          252    .text               c_t.l(rtudiv10.o)
    0x00081694   0x0000000c   Code   RO          258    .text               c_t.l(libspace.o)
    0x000816a0   0x00000060   Code   RO          261    .text               c_t.l(sys_stackheap_outer.o)
    0x00081700   0x0000000c   Code   RO          263    .text               c_t.l(exit.o)
    0x0008170c   0x000000a0   Code   RO          265    .text               c_t.l(strcmp.o)
    0x000817ac   0x00000004   Ven    RO          267    .text               c_t.l(aeabi_sdiv.o)
    0x000817b0   0x00000180   Code   RO          267    .text               c_t.l(aeabi_sdiv.o)
    0x00081930   0x0000000c   Code   RO          352    .text               c_t.l(rt_fp_status_addr_intlibspace.o)
    0x0008193c   0x00000008   Ven    RO          360    .text               c_t.l(sys_exit.o)
    0x00081944   0x0000000c   Code   RO          360    .text               c_t.l(sys_exit.o)
    0x00081950   0x00000004   Code   RO          375    .text               c_t.l(use_no_semi.o)
    0x00081954   0x00000000   Code   RO          377    .text               c_t.l(indicate_semi.o)
    0x00081954   0x00000004   Ven    RO          227    CL$$btod_d2e        c_t.l(btod.o)
    0x00081958   0x00000038   Code   RO          227    CL$$btod_d2e        c_t.l(btod.o)
    0x00081990   0x00000054   Code   RO          229    CL$$btod_d2e_denorm_low  c_t.l(btod.o)
    0x000819e4   0x00000068   Code   RO          228    CL$$btod_d2e_norm_op1  c_t.l(btod.o)
    0x00081a4c   0x0000034c   Code   RO          237    CL$$btod_div_common  c_t.l(btod.o)
    0x00081d98   0x000000dc   Code   RO          234    CL$$btod_e2e        c_t.l(btod.o)
    0x00081e74   0x00000004   Ven    RO          231    CL$$btod_ediv       c_t.l(btod.o)
    0x00081e78   0x00000034   Code   RO          231    CL$$btod_ediv       c_t.l(btod.o)
    0x00081eac   0x00000004   Ven    RO          230    CL$$btod_emul       c_t.l(btod.o)
    0x00081eb0   0x00000034   Code   RO          230    CL$$btod_emul       c_t.l(btod.o)
    0x00081ee4   0x00000268   Code   RO          236    CL$$btod_mult_common  c_t.l(btod.o)
    0x0008214c   0x0000000c   Ven    RO          449    Veneer$$Code        anon$$obj.o
    0x00082158   0x00000002   Code   RO           97    i.__ARM_common_call_via_r1  c_t.l(__printf.o)
    0x0008215a   0x00000002   Code   RO           95    i.__ARM_common_call_via_r2  c_t.l(__printf.o)
    0x0008215c   0x00000004   Ven    RO          256    i.__ARM_fpclassify  m_ts.l(fpclassify.o)
    0x00082160   0x00000030   Code   RO          256    i.__ARM_fpclassify  m_ts.l(fpclassify.o)
    0x00082190   0x0000000e   Code   RO          111    i._is_digit         c_t.l(__printf_wp.o)
    0x0008219e   0x00000002   PAD
    0x000821a0   0x00000004   Ven    RO          250    locale$$code        c_t.l(lc_numeric_c.o)
    0x000821a4   0x00000050   Code   RO          250    locale$$code        c_t.l(lc_numeric_c.o)
    0x000821f4   0x0000006c   Code   RO          129    x$fpl$d2f           fz_ts.l(d2f.o)
    0x00082260   0x00000154   Code   RO          131    x$fpl$dadd          fz_ts.l(daddsub_noclz.o)
    0x000823b4   0x000002e0   Code   RO          138    x$fpl$ddiv          fz_ts.l(ddiv.o)
    0x00082694   0x00000070   Code   RO          141    x$fpl$dfix          fz_ts.l(dfix.o)
    0x00082704   0x00000058   Code   RO          146    x$fpl$dflt          fz_ts.l(dflt_noclz.o)
    0x0008275c   0x0000000c   Code   RO          145    x$fpl$dfltu         fz_ts.l(dflt_noclz.o)
    0x00082768   0x00000180   Code   RO          149    x$fpl$dmul          fz_ts.l(dmul.o)
    0x000828e8   0x000000c0   Code   RO          183    x$fpl$dnaninf       fz_ts.l(dnaninf.o)
    0x000829a8   0x00000010   Code   RO          185    x$fpl$dretinf       fz_ts.l(dretinf.o)
    0x000829b8   0x00000244   Code   RO          133    x$fpl$dsub          fz_ts.l(daddsub_noclz.o)
    0x00082bfc   0x00000064   Code   RO          151    x$fpl$f2d           fz_ts.l(f2d.o)
    0x00082c60   0x000000c4   Code   RO          153    x$fpl$fadd          fz_ts.l(faddsub_noclz.o)
    0x00082d24   0x0000001c   Code   RO          187    x$fpl$fcmpinf       fz_ts.l(fcmpi.o)
    0x00082d40   0x00000190   Code   RO          160    x$fpl$fdiv          fz_ts.l(fdiv.o)
    0x00082ed0   0x0000005c   Code   RO          164    x$fpl$fflt          fz_ts.l(fflt_noclz.o)
    0x00082f2c   0x00000008   Code   RO          163    x$fpl$ffltu         fz_ts.l(fflt_noclz.o)
    0x00082f34   0x00000084   Code   RO          167    x$fpl$fleqf         fz_ts.l(fleqf.o)
    0x00082fb8   0x00000100   Code   RO          169    x$fpl$fmul          fz_ts.l(fmul.o)
    0x000830b8   0x000000a8   Code   RO          189    x$fpl$fnaninf       fz_ts.l(fnaninf.o)
    0x00083160   0x00000004   Ven    RO          338    x$fpl$fpinit        fz_ts.l(fpinit.o)
    0x00083164   0x00000018   Code   RO          338    x$fpl$fpinit        fz_ts.l(fpinit.o)
    0x0008317c   0x00000010   Code   RO          191    x$fpl$fretinf       fz_ts.l(fretinf.o)
    0x0008318c   0x0000007c   Code   RO          171    x$fpl$frleqf        fz_ts.l(frleqf.o)
    0x00083208   0x00000130   Code   RO          155    x$fpl$fsub          fz_ts.l(faddsub_noclz.o)
    0x00083338   0x00000004   Ven    RO          254    x$fpl$ieeestatus    fz_ts.l(istatus.o)
    0x0008333c   0x00000008   Code   RO          254    x$fpl$ieeestatus    fz_ts.l(istatus.o)
    0x00083344   0x00000004   Code   RO          173    x$fpl$printf1       fz_ts.l(printf1.o)
    0x00083348   0x00000000   Code   RO          193    x$fpl$usenofp       fz_ts.l(usenofp.o)
    0x00083348   0x000000d0   Data   RO           13    .constdata          adc0_thermocouple.o
    0x00083418   0x00000011   Data   RO          114    .constdata          c_t.l(__printf_flags_wp.o)
    0x00083429   0x00000003   PAD
    0x0008342c   0x00000094   Data   RO          225    .constdata          c_t.l(bigflt0.o)
    0x000834c0   0x00000020   Data   RO          423    Region$$Table       anon$$obj.o
    0x000834e0   0x0000001c   Data   RO          249    locale$$data        c_t.l(lc_numeric_c.o)


==============================================================================

Image component sizes


      Code (inc. data)   RO Data    RW Data    ZI Data      Debug   Object Name

      2792        336        208         68        576       6448   adc0_thermocouple.o
       188         52          0          0       1664        380   aduc706x.o
       240         20          0         24          0       1392   irq_arm.o

    ----------------------------------------------------------------------
      3232        412        240         92       2240       8220   Object Totals
        12          4         32          0          0          0   (incl. Generated)
         0          0          0          0          0          0   (incl. Padding)

    ----------------------------------------------------------------------

      Code (inc. data)   RO Data    RW Data    ZI Data      Debug   Library Member Name

         8          0          0          0          0         68   __main.o
         4          0          0          0          0        120   __printf.o
       328          4         17          0          0         92   __printf_flags_wp.o
        14          0          0          0          0         60   __printf_wp.o
        60          8          0          0          0          0   __scatter.o
        40          0          0          0          0          0   __scatter_copy.o
        44          0          0          0          0          0   __scatter_zi.o
        48          4          0          0          0         96   _printf_char_common.o
         8          0          0          0          0          0   _printf_f.o
      1056         14          0          0          0        192   _printf_fp_dec.o
       144         16          0          0          0         88   _printf_fp_infnan.o
        86          0          0          0          0        116   _printf_pad.o
         4          0          0          0          0          0   _printf_percent.o
         8          0          0          0          0          0   _printf_percent_end.o
        10          0          0          0          0         60   _sputc.o
       388          0          0          0          0         80   aeabi_sdiv.o
       216          6        148          0          0         96   bigflt0.o
      2040        128          0          0          0        696   btod.o
        12          0          0          0          0         64   exit.o
         6          0          0          0          0        136   heapauxi.o
         0          0          0          0          0          0   indicate_semi.o
        84          8         28          0          0         92   lc_numeric_c.o
        14          0          0          0          0          0   libinit.o
        28          0          0          0          0          0   libinit2.o
        12          0          0          0          0          0   libshutdown.o
         6          0          0          0          0          0   libshutdown2.o
        12          4          0          0         96         68   libspace.o
       164          0          0          0          0         96   lludiv10.o
        48          4          0          0          0         84   noretval__2sprintf.o
        12          4          0          0          0         68   rt_fp_status_addr_intlibspace.o
        16          4          0          0          0         68   rt_locale_intlibspace.o
         0          0          0          0          0          0   rtentry.o
        44          4          0          0          0          0   rtentry2.o
         8          0          0          0          0          0   rtentry4.o
         8          0          0          0          0          0   rtexit.o
        12          0          0          0          0          0   rtexit2.o
        48          0          0          0          0         68   rtudiv10.o
       160          4          0          0          0         80   strcmp.o
        76          4          0          0          0         76   strlen.o
        20          4          0          0          0         60   sys_exit.o
        96          0          0          0          0         80   sys_stackheap_outer.o
         4          0          0          0          0         68   use_no_semi.o
       108          4          0          0          0         92   d2f.o
       920         16          0          0          0        296   daddsub_noclz.o
       736        140          0          0          0        232   ddiv.o
       112          4          0          0          0         92   dfix.o
       100          0          0          0          0        136   dflt_noclz.o
       384         16          0          0          0        124   dmul.o
       192          0          0          0          0        108   dnaninf.o
        16          0          0          0          0         68   dretinf.o
       100          4          0          0          0         84   f2d.o
       500          8          0          0          0        168   faddsub_noclz.o
        28          0          0          0          0         68   fcmpi.o
       400         76          0          0          0         96   fdiv.o
       100          0          0          0          0        136   fflt_noclz.o
       132          4          0          0          0         84   fleqf.o
       256          4          0          0          0         84   fmul.o
       168          0          0          0          0        100   fnaninf.o
        28          0          0          0          0         80   fpinit.o
        16          0          0          0          0         68   fretinf.o
       124          0          0          0          0         68   frleqf.o
        12          0          0          0          0         68   istatus.o
         4          0          0          0          0         68   printf1.o
         0          0          0          0          0          0   usenofp.o
        52          0          0          0          0         68   fpclassify.o

    ----------------------------------------------------------------------
      9896        496        196          0        100       5260   Library Totals
        12          0          3          0          4          0   (incl. Padding)

    ----------------------------------------------------------------------

      Code (inc. data)   RO Data    RW Data    ZI Data      Debug   Library Name

      5396        220        193          0         96       2872   c_t.l
      4436        276          0          0          0       2320   fz_ts.l
        52          0          0          0          0         68   m_ts.l

    ----------------------------------------------------------------------
      9896        496        196          0        100       5260   Library Totals

    ----------------------------------------------------------------------

==============================================================================


      Code (inc. data)   RO Data    RW Data    ZI Data      Debug   

     13128        908        436         92       2340      10480   Grand Totals
     13128        908        436         92       2340      10480   ELF Image Totals
     13128        908        436         92          0          0   ROM Totals

==============================================================================

    Total RO  Size (Code + RO Data)                13564 (  13.25kB)
    Total RW  Size (RW Data + ZI Data)              2432 (   2.38kB)
    Total ROM Size (Code + RO Data + RW Data)      13656 (  13.34kB)

==============================================================================

