<html>
<body>
<pre>
<h1>µVision Build Log</h1>
<h2>Project:</h2>
C:\Keil\arm-rad1\arm-rad1.uvproj
Project File Date:  06/13/2012

<h2>Output:</h2>
Build target 'Target 1'
linking...
Program Size: Code=13128 RO-data=436 RW-data=92 ZI-data=2340  
FromELF: creating hex file...
"arm-rad1.axf" - 0 Error(s), 0 Warning(s).
Rebuild target 'Target 1'
assembling ADuC706x.s...
compiling ADC0_Thermocouple.c...
C:\Keil\ARM\Inc\ADI\aduc7060.h(8): warning:  #47-D: incompatible redefinition of macro "IRQSTA" (declared at line 29 of "C:\Keil\ARM\Inc\ADI\irq.h")
C:\Keil\ARM\Inc\ADI\aduc7060.h(9): warning:  #47-D: incompatible redefinition of macro "IRQSIG" (declared at line 30 of "C:\Keil\ARM\Inc\ADI\irq.h")
C:\Keil\ARM\Inc\ADI\aduc7060.h(10): warning:  #47-D: incompatible redefinition of macro "IRQEN" (declared at line 31 of "C:\Keil\ARM\Inc\ADI\irq.h")
C:\Keil\ARM\Inc\ADI\aduc7060.h(11): warning:  #47-D: incompatible redefinition of macro "IRQCLR" (declared at line 32 of "C:\Keil\ARM\Inc\ADI\irq.h")
C:\Keil\ARM\Inc\ADI\aduc7060.h(12): warning:  #47-D: incompatible redefinition of macro "SWICFG" (declared at line 33 of "C:\Keil\ARM\Inc\ADI\irq.h")
C:\Keil\ARM\Inc\ADI\aduc7060.h(13): warning:  #47-D: incompatible redefinition of macro "IRQBASE" (declared at line 28 of "C:\Keil\ARM\Inc\ADI\irq.h")
C:\Keil\ARM\Inc\ADI\aduc7060.h(22): warning:  #47-D: incompatible redefinition of macro "FIQSTA" (declared at line 34 of "C:\Keil\ARM\Inc\ADI\irq.h")
C:\Keil\ARM\Inc\ADI\aduc7060.h(23): warning:  #47-D: incompatible redefinition of macro "FIQSIG" (declared at line 35 of "C:\Keil\ARM\Inc\ADI\irq.h")
C:\Keil\ARM\Inc\ADI\aduc7060.h(24): warning:  #47-D: incompatible redefinition of macro "FIQEN" (declared at line 36 of "C:\Keil\ARM\Inc\ADI\irq.h")
C:\Keil\ARM\Inc\ADI\aduc7060.h(25): warning:  #47-D: incompatible redefinition of macro "FIQCLR" (declared at line 37 of "C:\Keil\ARM\Inc\ADI\irq.h")
C:\Keil\ARM\Inc\ADI\aduc7060.h(31): warning:  #47-D: incompatible redefinition of macro "REMAPBASE" (declared at line 13 of "C:\Keil\ARM\Inc\ADI\ADuC7024.H")
C:\Keil\ARM\Inc\ADI\aduc7060.h(32): warning:  #47-D: incompatible redefinition of macro "REMAP" (declared at line 14 of "C:\Keil\ARM\Inc\ADI\ADuC7024.H")
C:\Keil\ARM\Inc\ADI\aduc7060.h(33): warning:  #47-D: incompatible redefinition of macro "RSTSTA" (declared at line 15 of "C:\Keil\ARM\Inc\ADI\ADuC7024.H")
C:\Keil\ARM\Inc\ADI\aduc7060.h(34): warning:  #47-D: incompatible redefinition of macro "RSTCLR" (declared at line 16 of "C:\Keil\ARM\Inc\ADI\ADuC7024.H")
C:\Keil\ARM\Inc\ADI\aduc7060.h(38): warning:  #47-D: incompatible redefinition of macro "T0BASE" (declared at line 3 of "C:\Keil\ARM\Inc\ADI\timer.h")
C:\Keil\ARM\Inc\ADI\aduc7060.h(39): warning:  #47-D: incompatible redefinition of macro "T0LD" (declared at line 4 of "C:\Keil\ARM\Inc\ADI\timer.h")
C:\Keil\ARM\Inc\ADI\aduc7060.h(40): warning:  #47-D: incompatible redefinition of macro "T0VAL" (declared at line 5 of "C:\Keil\ARM\Inc\ADI\timer.h")
C:\Keil\ARM\Inc\ADI\aduc7060.h(41): warning:  #47-D: incompatible redefinition of macro "T0CON" (declared at line 6 of "C:\Keil\ARM\Inc\ADI\timer.h")
C:\Keil\ARM\Inc\ADI\aduc7060.h(42): warning:  #47-D: incompatible redefinition of macro "T0CLRI" (declared at line 7 of "C:\Keil\ARM\Inc\ADI\timer.h")
C:\Keil\ARM\Inc\ADI\aduc7060.h(47): warning:  #47-D: incompatible redefinition of macro "T1BASE" (declared at line 11 of "C:\Keil\ARM\Inc\ADI\timer.h")
C:\Keil\ARM\Inc\ADI\aduc7060.h(48): warning:  #47-D: incompatible redefinition of macro "T1LD" (declared at line 12 of "C:\Keil\ARM\Inc\ADI\timer.h")
C:\Keil\ARM\Inc\ADI\aduc7060.h(49): warning:  #47-D: incompatible redefinition of macro "T1VAL" (declared at line 13 of "C:\Keil\ARM\Inc\ADI\timer.h")
C:\Keil\ARM\Inc\ADI\aduc7060.h(50): warning:  #47-D: incompatible redefinition of macro "T1CON" (declared at line 14 of "C:\Keil\ARM\Inc\ADI\timer.h")
C:\Keil\ARM\Inc\ADI\aduc7060.h(51): warning:  #47-D: incompatible redefinition of macro "T1CLRI" (declared at line 15 of "C:\Keil\ARM\Inc\ADI\timer.h")
C:\Keil\ARM\Inc\ADI\aduc7060.h(55): warning:  #47-D: incompatible redefinition of macro "T2BASE" (declared at line 20 of "C:\Keil\ARM\Inc\ADI\timer.h")
C:\Keil\ARM\Inc\ADI\aduc7060.h(56): warning:  #47-D: incompatible redefinition of macro "T2LD" (declared at line 21 of "C:\Keil\ARM\Inc\ADI\timer.h")
C:\Keil\ARM\Inc\ADI\aduc7060.h(57): warning:  #47-D: incompatible redefinition of macro "T2VAL" (declared at line 22 of "C:\Keil\ARM\Inc\ADI\timer.h")
C:\Keil\ARM\Inc\ADI\aduc7060.h(58): warning:  #47-D: incompatible redefinition of macro "T2CON" (declared at line 23 of "C:\Keil\ARM\Inc\ADI\timer.h")
C:\Keil\ARM\Inc\ADI\aduc7060.h(59): warning:  #47-D: incompatible redefinition of macro "T2CLRI" (declared at line 24 of "C:\Keil\ARM\Inc\ADI\timer.h")
C:\Keil\ARM\Inc\ADI\aduc7060.h(64): warning:  #47-D: incompatible redefinition of macro "T3BASE" (declared at line 28 of "C:\Keil\ARM\Inc\ADI\timer.h")
C:\Keil\ARM\Inc\ADI\aduc7060.h(65): warning:  #47-D: incompatible redefinition of macro "T3LD" (declared at line 29 of "C:\Keil\ARM\Inc\ADI\timer.h")
C:\Keil\ARM\Inc\ADI\aduc7060.h(66): warning:  #47-D: incompatible redefinition of macro "T3VAL" (declared at line 30 of "C:\Keil\ARM\Inc\ADI\timer.h")
C:\Keil\ARM\Inc\ADI\aduc7060.h(67): warning:  #47-D: incompatible redefinition of macro "T3CON" (declared at line 31 of "C:\Keil\ARM\Inc\ADI\timer.h")
C:\Keil\ARM\Inc\ADI\aduc7060.h(68): warning:  #47-D: incompatible redefinition of macro "T3CLRI" (declared at line 32 of "C:\Keil\ARM\Inc\ADI\timer.h")
C:\Keil\ARM\Inc\ADI\aduc7060.h(73): warning:  #47-D: incompatible redefinition of macro "PLLBASE" (declared at line 22 of "C:\Keil\ARM\Inc\ADI\ADuC7024.H")
C:\Keil\ARM\Inc\ADI\aduc7060.h(74): warning:  #47-D: incompatible redefinition of macro "POWKEY1" (declared at line 24 of "C:\Keil\ARM\Inc\ADI\ADuC7024.H")
C:\Keil\ARM\Inc\ADI\aduc7060.h(76): warning:  #47-D: incompatible redefinition of macro "POWKEY2" (declared at line 26 of "C:\Keil\ARM\Inc\ADI\ADuC7024.H")
C:\Keil\ARM\Inc\ADI\aduc7060.h(77): warning:  #47-D: incompatible redefinition of macro "PLLKEY1" (declared at line 27 of "C:\Keil\ARM\Inc\ADI\ADuC7024.H")
C:\Keil\ARM\Inc\ADI\aduc7060.h(78): warning:  #47-D: incompatible redefinition of macro "PLLCON" (declared at line 28 of "C:\Keil\ARM\Inc\ADI\ADuC7024.H")
C:\Keil\ARM\Inc\ADI\aduc7060.h(79): warning:  #47-D: incompatible redefinition of macro "PLLKEY2" (declared at line 29 of "C:\Keil\ARM\Inc\ADI\ADuC7024.H")
C:\Keil\ARM\Inc\ADI\aduc7060.h(86): warning:  #47-D: incompatible redefinition of macro "ADCBASE" (declared at line 44 of "C:\Keil\ARM\Inc\ADI\ADuC7024.H")
C:\Keil\ARM\Inc\ADI\aduc7060.h(87): warning:  #47-D: incompatible redefinition of macro "ADCSTA" (declared at line 48 of "C:\Keil\ARM\Inc\ADI\ADuC7024.H")
C:\Keil\ARM\Inc\ADI\aduc7060.h(111): warning:  #47-D: incompatible redefinition of macro "DACBASE" (declared at line 56 of "C:\Keil\ARM\Inc\ADI\dac.h")
C:\Keil\ARM\Inc\ADI\aduc7060.h(117): warning:  #47-D: incompatible redefinition of macro "UARTBASE" (declared at line 3 of "C:\Keil\ARM\Inc\ADI\uart.h")
C:\Keil\ARM\Inc\ADI\aduc7060.h(118): warning:  #47-D: incompatible redefinition of macro "COMTX" (declared at line 4 of "C:\Keil\ARM\Inc\ADI\uart.h")
C:\Keil\ARM\Inc\ADI\aduc7060.h(119): warning:  #47-D: incompatible redefinition of macro "COMRX" (declared at line 5 of "C:\Keil\ARM\Inc\ADI\uart.h")
C:\Keil\ARM\Inc\ADI\aduc7060.h(120): warning:  #47-D: incompatible redefinition of macro "COMDIV0" (declared at line 6 of "C:\Keil\ARM\Inc\ADI\uart.h")
C:\Keil\ARM\Inc\ADI\aduc7060.h(121): warning:  #47-D: incompatible redefinition of macro "COMIEN0" (declared at line 7 of "C:\Keil\ARM\Inc\ADI\uart.h")
C:\Keil\ARM\Inc\ADI\aduc7060.h(122): warning:  #47-D: incompatible redefinition of macro "COMDIV1" (declared at line 8 of "C:\Keil\ARM\Inc\ADI\uart.h")
C:\Keil\ARM\Inc\ADI\aduc7060.h(123): warning:  #47-D: incompatible redefinition of macro "COMIID0" (declared at line 9 of "C:\Keil\ARM\Inc\ADI\uart.h")
C:\Keil\ARM\Inc\ADI\aduc7060.h(124): warning:  #47-D: incompatible redefinition of macro "COMCON0" (declared at line 10 of "C:\Keil\ARM\Inc\ADI\uart.h")
C:\Keil\ARM\Inc\ADI\aduc7060.h(125): warning:  #47-D: incompatible redefinition of macro "COMCON1" (declared at line 11 of "C:\Keil\ARM\Inc\ADI\uart.h")
C:\Keil\ARM\Inc\ADI\aduc7060.h(126): warning:  #47-D: incompatible redefinition of macro "COMSTA0" (declared at line 12 of "C:\Keil\ARM\Inc\ADI\uart.h")
C:\Keil\ARM\Inc\ADI\aduc7060.h(127): warning:  #47-D: incompatible redefinition of macro "COMSTA1" (declared at line 13 of "C:\Keil\ARM\Inc\ADI\uart.h")
C:\Keil\ARM\Inc\ADI\aduc7060.h(128): warning:  #47-D: incompatible redefinition of macro "COMSCR" (declared at line 14 of "C:\Keil\ARM\Inc\ADI\uart.h")
C:\Keil\ARM\Inc\ADI\aduc7060.h(129): warning:  #47-D: incompatible redefinition of macro "COMDIV2" (declared at line 18 of "C:\Keil\ARM\Inc\ADI\uart.h")
C:\Keil\ARM\Inc\ADI\aduc7060.h(133): warning:  #47-D: incompatible redefinition of macro "I2CBASE" (declared at line 4 of "C:\Keil\ARM\Inc\ADI\I2C.h")
C:\Keil\ARM\Inc\ADI\aduc7060.h(135): warning:  #47-D: incompatible redefinition of macro "I2CMSTA" (declared at line 5 of "C:\Keil\ARM\Inc\ADI\I2C.h")
C:\Keil\ARM\Inc\ADI\aduc7060.h(136): warning:  #47-D: incompatible redefinition of macro "I2CMRX" (declared at line 9 of "C:\Keil\ARM\Inc\ADI\I2C.h")
C:\Keil\ARM\Inc\ADI\aduc7060.h(137): warning:  #47-D: incompatible redefinition of macro "I2CMTX" (declared at line 10 of "C:\Keil\ARM\Inc\ADI\I2C.h")
C:\Keil\ARM\Inc\ADI\aduc7060.h(142): warning:  #47-D: incompatible redefinition of macro "I2CDIV" (declared at line 17 of "C:\Keil\ARM\Inc\ADI\I2C.h")
C:\Keil\ARM\Inc\ADI\aduc7060.h(144): warning:  #47-D: incompatible redefinition of macro "I2CSSTA" (declared at line 6 of "C:\Keil\ARM\Inc\ADI\I2C.h")
C:\Keil\ARM\Inc\ADI\aduc7060.h(145): warning:  #47-D: incompatible redefinition of macro "I2CSRX" (declared at line 7 of "C:\Keil\ARM\Inc\ADI\I2C.h")
C:\Keil\ARM\Inc\ADI\aduc7060.h(146): warning:  #47-D: incompatible redefinition of macro "I2CSTX" (declared at line 8 of "C:\Keil\ARM\Inc\ADI\I2C.h")
C:\Keil\ARM\Inc\ADI\aduc7060.h(147): warning:  #47-D: incompatible redefinition of macro "I2CALT" (declared at line 15 of "C:\Keil\ARM\Inc\ADI\I2C.h")
C:\Keil\ARM\Inc\ADI\aduc7060.h(148): warning:  #47-D: incompatible redefinition of macro "I2CID0" (declared at line 20 of "C:\Keil\ARM\Inc\ADI\I2C.h")
C:\Keil\ARM\Inc\ADI\aduc7060.h(149): warning:  #47-D: incompatible redefinition of macro "I2CID1" (declared at line 21 of "C:\Keil\ARM\Inc\ADI\I2C.h")
C:\Keil\ARM\Inc\ADI\aduc7060.h(150): warning:  #47-D: incompatible redefinition of macro "I2CID2" (declared at line 22 of "C:\Keil\ARM\Inc\ADI\I2C.h")
C:\Keil\ARM\Inc\ADI\aduc7060.h(151): warning:  #47-D: incompatible redefinition of macro "I2CID3" (declared at line 23 of "C:\Keil\ARM\Inc\ADI\I2C.h")
C:\Keil\ARM\Inc\ADI\aduc7060.h(152): warning:  #47-D: incompatible redefinition of macro "I2CFSTA" (declared at line 25 of "C:\Keil\ARM\Inc\ADI\I2C.h")
C:\Keil\ARM\Inc\ADI\aduc7060.h(156): warning:  #47-D: incompatible redefinition of macro "SPIBASE" (declared at line 62 of "C:\Keil\ARM\Inc\ADI\ADuC7024.H")
C:\Keil\ARM\Inc\ADI\aduc7060.h(157): warning:  #47-D: incompatible redefinition of macro "SPISTA" (declared at line 63 of "C:\Keil\ARM\Inc\ADI\ADuC7024.H")
C:\Keil\ARM\Inc\ADI\aduc7060.h(158): warning:  #47-D: incompatible redefinition of macro "SPIRX" (declared at line 64 of "C:\Keil\ARM\Inc\ADI\ADuC7024.H")
C:\Keil\ARM\Inc\ADI\aduc7060.h(159): warning:  #47-D: incompatible redefinition of macro "SPITX" (declared at line 65 of "C:\Keil\ARM\Inc\ADI\ADuC7024.H")
C:\Keil\ARM\Inc\ADI\aduc7060.h(160): warning:  #47-D: incompatible redefinition of macro "SPIDIV" (declared at line 66 of "C:\Keil\ARM\Inc\ADI\ADuC7024.H")
C:\Keil\ARM\Inc\ADI\aduc7060.h(161): warning:  #47-D: incompatible redefinition of macro "SPICON" (declared at line 67 of "C:\Keil\ARM\Inc\ADI\ADuC7024.H")
C:\Keil\ARM\Inc\ADI\aduc7060.h(165): warning:  #47-D: incompatible redefinition of macro "GPIOBASE" (declared at line 28 of "C:\Keil\ARM\Inc\ADI\GPIO.h")
C:\Keil\ARM\Inc\ADI\aduc7060.h(167): warning:  #47-D: incompatible redefinition of macro "GP1CON" (declared at line 30 of "C:\Keil\ARM\Inc\ADI\GPIO.h")
C:\Keil\ARM\Inc\ADI\aduc7060.h(168): warning:  #47-D: incompatible redefinition of macro "GP2CON" (declared at line 31 of "C:\Keil\ARM\Inc\ADI\GPIO.h")
C:\Keil\ARM\Inc\ADI\aduc7060.h(169): warning:  #47-D: incompatible redefinition of macro "GP0DAT" (declared at line 35 of "C:\Keil\ARM\Inc\ADI\GPIO.h")
C:\Keil\ARM\Inc\ADI\aduc7060.h(170): warning:  #47-D: incompatible redefinition of macro "GP0SET" (declared at line 36 of "C:\Keil\ARM\Inc\ADI\GPIO.h")
C:\Keil\ARM\Inc\ADI\aduc7060.h(171): warning:  #47-D: incompatible redefinition of macro "GP0CLR" (declared at line 37 of "C:\Keil\ARM\Inc\ADI\GPIO.h")
C:\Keil\ARM\Inc\ADI\aduc7060.h(172): warning:  #47-D: incompatible redefinition of macro "GP0PAR" (declared at line 38 of "C:\Keil\ARM\Inc\ADI\GPIO.h")
C:\Keil\ARM\Inc\ADI\aduc7060.h(173): warning:  #47-D: incompatible redefinition of macro "GP1DAT" (declared at line 40 of "C:\Keil\ARM\Inc\ADI\GPIO.h")
C:\Keil\ARM\Inc\ADI\aduc7060.h(174): warning:  #47-D: incompatible redefinition of macro "GP1SET" (declared at line 41 of "C:\Keil\ARM\Inc\ADI\GPIO.h")
C:\Keil\ARM\Inc\ADI\aduc7060.h(175): warning:  #47-D: incompatible redefinition of macro "GP1CLR" (declared at line 42 of "C:\Keil\ARM\Inc\ADI\GPIO.h")
C:\Keil\ARM\Inc\ADI\aduc7060.h(176): warning:  #47-D: incompatible redefinition of macro "GP1PAR" (declared at line 43 of "C:\Keil\ARM\Inc\ADI\GPIO.h")
C:\Keil\ARM\Inc\ADI\aduc7060.h(177): warning:  #47-D: incompatible redefinition of macro "GP2DAT" (declared at line 45 of "C:\Keil\ARM\Inc\ADI\GPIO.h")
C:\Keil\ARM\Inc\ADI\aduc7060.h(178): warning:  #47-D: incompatible redefinition of macro "GP2SET" (declared at line 46 of "C:\Keil\ARM\Inc\ADI\GPIO.h")
C:\Keil\ARM\Inc\ADI\aduc7060.h(179): warning:  #47-D: incompatible redefinition of macro "GP2CLR" (declared at line 47 of "C:\Keil\ARM\Inc\ADI\GPIO.h")
C:\Keil\ARM\Inc\ADI\aduc7060.h(184): warning:  #47-D: incompatible redefinition of macro "FLASHBASE" (declared at line 16 of "C:\Keil\ARM\Inc\ADI\flash.h")
C:\Keil\ARM\Inc\ADI\aduc7060.h(185): warning:  #47-D: incompatible redefinition of macro "FEESTA" (declared at line 17 of "C:\Keil\ARM\Inc\ADI\flash.h")
C:\Keil\ARM\Inc\ADI\aduc7060.h(186): warning:  #47-D: incompatible redefinition of macro "FEEMOD" (declared at line 18 of "C:\Keil\ARM\Inc\ADI\flash.h")
C:\Keil\ARM\Inc\ADI\aduc7060.h(187): warning:  #47-D: incompatible redefinition of macro "FEECON" (declared at line 19 of "C:\Keil\ARM\Inc\ADI\flash.h")
C:\Keil\ARM\Inc\ADI\aduc7060.h(188): warning:  #47-D: incompatible redefinition of macro "FEEDAT" (declared at line 20 of "C:\Keil\ARM\Inc\ADI\flash.h")
C:\Keil\ARM\Inc\ADI\aduc7060.h(189): warning:  #47-D: incompatible redefinition of macro "FEEADR" (declared at line 21 of "C:\Keil\ARM\Inc\ADI\flash.h")
C:\Keil\ARM\Inc\ADI\aduc7060.h(195): warning:  #47-D: incompatible redefinition of macro "FEEPRO" (declared at line 23 of "C:\Keil\ARM\Inc\ADI\flash.h")
C:\Keil\ARM\Inc\ADI\aduc7060.h(204): warning:  #47-D: incompatible redefinition of macro "PWMBASE" (declared at line 5 of "C:\Keil\ARM\Inc\ADI\pwm.h")
C:\Keil\ARM\Inc\ADI\aduc7060.h(205): warning:  #47-D: incompatible redefinition of macro "PWMCON" (declared at line 6 of "C:\Keil\ARM\Inc\ADI\pwm.h")
ADC0_Thermocouple.c(287): warning:  #550-D: variable "ulADC0DAT" was set but never used
compiling irq_arm.c...
linking...
Program Size: Code=13128 RO-data=436 RW-data=92 ZI-data=2340  
FromELF: creating hex file...
"arm-rad1.axf" - 0 Error(s), 100 Warning(s).
